[error] /Users/paws/blender-web/build-deps/openimageio/OpenImageIO-3.1.13.1/src/libutil/sysutil.cpp:214: physical_memory: Assertion '0 && "Need to implement Sysutil::physical_memory on this platform"' failed.
[error] [bw] WM-worker WebGPU device pre-acquired (ADR-007); features=22 tier1=true tier2=true maxStorageTexturesPerShaderStage=8 maxStorageBuffersPerShaderStage=10
[log] [bw] M7 store: OPFS mounted at /projects (+/.recovery) - PERSISTENT rc=0 in 100.0 ms
[log] WGPUWeb: presentBackbuffer frame 0 — surface 640x480 -> canvas (offscreen blit)
[error] Unable to find the Python binary, the multiprocessing module may not be functional!
[log] 00:11.433  blend            | Read blend: "/projects/bw_suite.blend"
[log] 00:11.472  blend.doversion  | WARNING Region type 4 missing in space type "Info" (id: 7) - removing region
[error] BW_DIAG enabled: diagnostic readback active (BW_DIAG set)
[error] BW_R57_LAYER_PROBE_KICK ticket=1 mip=0 origin=0,0,2 extent=4,2,1 source_freed=1
[error] BW_R57_LAYER_PROBE_VIEW_FREED ticket=1
[log] WGPUWeb: presentBackbuffer frame 1 — surface 640x480 -> canvas (offscreen blit)
[error] BW_PROD_READBACK seq=0 kind=0 obj=0x33c6e300 mip=0 origin=0,0,2 extent=4,2,1 bytes=32 file=/tmp/bw_prod_readback_0.bin
[log] 00:46.664  gpu.webgpu       | WARNING WGPUShader 'eevee_shadow_tag_update' compile failed: tint ProgramFromIR: error: var with 'storage' address space and 'read_write' access mode cannot be used by vertex pipeline stage
[log]                             | note: variable is declared here
[log]                             | note: called by function 'v_19'
[log]                             | note: called by function 'v_6'
[log]                             | note: called by function 'main_inner'
[log]                             | note: called by entry point 'main'
[log] 00:48.689  gpu.webgpu       | WARNING WGPUShader 'MADefault_Surface_shadow_mesh' compile failed: tint ReadIR: unhandled SPIR-V instruction: OpImageTexelPointer (val = 60)
[log] 00:48.941  render           | Saved: '/tmp/m6_bridge.png'
[error] <string>:38: ResourceWarning: unclosed file <_io.TextIOWrapper name='/tmp/m6_bridge_done' mode='w' encoding='utf-8'>
[error] ResourceWarning: Enable tracemalloc to get the object allocation traceback
[error] BW_R57_LAYER_PROBE_DONE ticket=1 status=2 error=0 size=32 consumed=32 post_status=0 second_consumed=0 expected_hash=a865e519 actual_hash=a865e519 match=1
