Failed to load resource: the server responded with a status of 404 (File not found)
/Users/paws/blender-web/build-deps/openimageio/OpenImageIO-3.1.13.1/src/libutil/sysutil.cpp:214: physical_memory: Assertion '0 && "Need to implement Sysutil::physical_memory on this platform"' failed.
[bw] WM-worker WebGPU device pre-acquired (ADR-007); features=22
[bw] M7 store: OPFS mounted at /projects (+/.recovery) - PERSISTENT rc=0 in 17.6 ms
WGPUWeb: presentBackbuffer frame 0 — surface 1600x900 -> canvas (offscreen blit)
Unable to find the Python binary, the multiprocessing module may not be functional!
BW_DIAG enabled: diagnostic readback active (BW_DIAG set)
BW_DIAG boot-arm prepass=3
BW_READBACK_KICK seq=0 label=prepass_depth w=1311 h=787 fmt=49 texel=4
BW_READBACK_KICK seq=1 label=prepass_material w=1311 h=787 fmt=40 texel=8
BW_READBACK_KICK seq=2 label=prepass_normal w=1311 h=787 fmt=21 texel=4
BW_READBACK_KICK seq=3 label=prepass_objectid w=1311 h=787 fmt=7 texel=2
WGPUWeb: presentBackbuffer frame 1 — surface 1600x900 -> canvas (offscreen blit)
BW_READBACK_DONE seq=0 label=prepass_depth file=/tmp/bw_readback_0.bin w=1311 h=787 fmt=49 texel=4 pitch=5244 bytes=4127028 status=ok
BW_READBACK_DONE seq=1 label=prepass_material file=/tmp/bw_readback_1.bin w=1311 h=787 fmt=40 texel=8 pitch=10488 bytes=8254056 status=ok
BW_READBACK_DONE seq=2 label=prepass_normal file=/tmp/bw_readback_2.bin w=1311 h=787 fmt=21 texel=4 pitch=5244 bytes=4127028 status=ok
BW_READBACK_DONE seq=3 label=prepass_objectid file=/tmp/bw_readback_3.bin w=1311 h=787 fmt=7 texel=2 pitch=2622 bytes=2063514 status=ok
BW_READBACK_KICK seq=4 label=prepass_depth w=1311 h=787 fmt=49 texel=4
BW_READBACK_KICK seq=5 label=prepass_material w=1311 h=787 fmt=40 texel=8
BW_READBACK_KICK seq=6 label=prepass_normal w=1311 h=787 fmt=21 texel=4
BW_READBACK_KICK seq=7 label=prepass_objectid w=1311 h=787 fmt=7 texel=2
BW_READBACK_KICK seq=8 label=prepass_depth w=1311 h=787 fmt=49 texel=4
BW_READBACK_KICK seq=9 label=prepass_material w=1311 h=787 fmt=40 texel=8
BW_READBACK_KICK seq=10 label=prepass_normal w=1311 h=787 fmt=21 texel=4
BW_READBACK_KICK seq=11 label=prepass_objectid w=1311 h=787 fmt=7 texel=2
BW_READBACK_DONE seq=4 label=prepass_depth file=/tmp/bw_readback_4.bin w=1311 h=787 fmt=49 texel=4 pitch=5244 bytes=4127028 status=ok
BW_READBACK_DONE seq=5 label=prepass_material file=/tmp/bw_readback_5.bin w=1311 h=787 fmt=40 texel=8 pitch=10488 bytes=8254056 status=ok
BW_READBACK_DONE seq=6 label=prepass_normal file=/tmp/bw_readback_6.bin w=1311 h=787 fmt=21 texel=4 pitch=5244 bytes=4127028 status=ok
BW_READBACK_DONE seq=7 label=prepass_objectid file=/tmp/bw_readback_7.bin w=1311 h=787 fmt=7 texel=2 pitch=2622 bytes=2063514 status=ok
BW_READBACK_DONE seq=8 label=prepass_depth file=/tmp/bw_readback_8.bin w=1311 h=787 fmt=49 texel=4 pitch=5244 bytes=4127028 status=ok
BW_READBACK_DONE seq=9 label=prepass_material file=/tmp/bw_readback_9.bin w=1311 h=787 fmt=40 texel=8 pitch=10488 bytes=8254056 status=ok
BW_READBACK_DONE seq=10 label=prepass_normal file=/tmp/bw_readback_10.bin w=1311 h=787 fmt=21 texel=4 pitch=5244 bytes=4127028 status=ok
BW_READBACK_DONE seq=11 label=prepass_objectid file=/tmp/bw_readback_11.bin w=1311 h=787 fmt=7 texel=2 pitch=2622 bytes=2063514 status=ok
[bw-r37-info] {"view_matrix": [[0.40403029322624207, 0.9147456288337708, -1.2411510397214442e-07, 0.05046229436993599], [-0.40777426958084106, 0.18010829389095306, 0.8951430916786194, -0.0007478409679606557], [0.8188282251358032, -0.36166489124298096, 0.4457789361476898, -18.38804817199707], [0.0, 0.0, 0.0, 1.0]], "is_perspective": true, "light": "STUDIO", "studio_light_name": "Default", "use_specular": true, "show_cavity": false, "show_shadows": false, "use_world_space_lighting": false, "color_type": "MATERIAL", "single_color": [0.800000011920929, 0.800000011920929, 0.800000011920929], "solid_lights": [{"use": true, "dir": [-0.35254600644111633, 0.17093099653720856, -0.9200509786605835], "diff": [0.03310300037264824, 0.03310300037264824, 0.03310300037264824], "spec": [0.26676100492477417, 0.26676100492477417, 0.26676100492477417], "smooth": 0.5266199707984924}, {"use": true, "dir": [-0.40816301107406616, 0.34693899750709534, 0.844415009021759], "diff": [0.5210829973220825, 0.5382260084152222, 0.5382260084152222], "spec": [0.5990300178527832, 0.5990300178527832, 0.5990300178527832], "smooth": 0.0}, {"use": true, "dir": [0.5217390060424805, 0.8260869979858398, 0.21299900114536285], "diff": [0.03840300068259239, 0.03435700014233589, 0.04952999949455261], "spec": [0.10610199719667435, 0.12598100304603577, 0.15852299332618713], "smooth": 0.47826099395751953}, {"use": true, "dir": [0.6245189905166626, -0.5620669722557068, -0.5422689914703369], "diff": [0.0908380001783371, 0.08207999914884567, 0.07225500047206879], "spec": [0.10653500258922577, 0.08477099984884262, 0.0660799965262413], "smooth": 0.20000000298023224}], "ambient": null, "scene_view_transform": "AgX", "display_device": "sRGB"}
<string>:66: ResourceWarning: unclosed file <_io.TextIOWrapper name='/tmp/bw_diag_cmd' mode='w' encoding='utf-8'>
ResourceWarning: Enable tracemalloc to get the object allocation traceback
[bw-r37] scheduled: readback viewport_color + info dumped
BW_READBACK_KICK seq=12 label=viewport_color w=1600 h=900 fmt=27 texel=4
BW_READBACK_DONE seq=12 label=viewport_color file=/tmp/bw_readback_12.bin w=1600 h=900 fmt=27 texel=4 pitch=6400 bytes=5760000 status=ok
