+0.155s Failed to load resource: the server responded with a status of 404 (File not found)
+0.478s /Users/paws/blender-web/build-deps/openimageio/OpenImageIO-3.1.13.1/src/libutil/sysutil.cpp:214: physical_memory: Assertion '0 && "Need to implement Sysutil::physical_memory on this platform"' failed.
+0.483s [bw] WM-worker WebGPU device pre-acquired (ADR-007); features=22
+0.715s [bw] M7 store: OPFS mounted at /projects (+/.recovery) - PERSISTENT rc=0 in 77.4 ms
+1.233s BW_SHADER_TIMING name=gpu_shader_text entry_us=1786272114726140 exit_us=1786272115063350 iface_us=95 shaderc_us=240005 tint_us=82829 nstages=2 spirv_words=6106 cache=miss
+1.506s BW_SHADER_TIMING name=gpu_shader_2D_widget_base entry_us=1786272115074275 exit_us=1786272115353365 iface_us=10 shaderc_us=158825 tint_us=116579 nstages=2 spirv_words=8396 cache=miss
+1.662s BW_SHADER_TIMING name=gpu_shader_3D_uniform_color entry_us=1786272115354920 exit_us=1786272115508940 iface_us=0 shaderc_us=148876 tint_us=3395 nstages=2 spirv_words=1242 cache=miss
+1.836s BW_SHADER_TIMING name=gpu_shader_3D_polyline_uniform_color entry_us=1786272115510984 exit_us=1786272115681805 iface_us=6 shaderc_us=153700 tint_us=14720 nstages=2 spirv_words=5170 cache=miss
+1.990s BW_SHADER_TIMING name=gpu_shader_3D_image_color entry_us=1786272115683575 exit_us=1786272115835410 iface_us=4 shaderc_us=146315 tint_us=3522 nstages=2 spirv_words=1457 cache=miss
+2.152s BW_SHADER_TIMING name=gpu_shader_2D_node_socket entry_us=1786272115838295 exit_us=1786272115998820 iface_us=10 shaderc_us=150170 tint_us=8235 nstages=2 spirv_words=3646 cache=miss
+2.318s BW_SHADER_TIMING name=gpu_shader_2D_widget_base_inst entry_us=1786272116001535 exit_us=1786272116164785 iface_us=0 shaderc_us=145865 tint_us=15315 nstages=2 spirv_words=8564 cache=miss
+2.469s BW_SHADER_TIMING name=gpu_shader_3D_line_dashed_uniform_color entry_us=1786272116166200 exit_us=1786272116316090 iface_us=0 shaderc_us=145286 tint_us=2870 nstages=2 spirv_words=1442 cache=miss
+2.619s BW_SHADER_TIMING name=gpu_shader_2D_image_desaturate_color entry_us=1786272116317470 exit_us=1786272116465985 iface_us=5 shaderc_us=144136 tint_us=2685 nstages=2 spirv_words=1256 cache=miss
+2.778s BW_SHADER_TIMING name=gpu_shader_3D_polyline_smooth_color entry_us=1786272116467760 exit_us=1786272116624980 iface_us=5 shaderc_us=146197 tint_us=9045 nstages=2 spirv_words=5791 cache=miss
+2.928s BW_SHADER_TIMING name=gpu_shader_2D_widget_shadow entry_us=1786272116626400 exit_us=1786272116774505 iface_us=5 shaderc_us=141120 tint_us=5130 nstages=2 spirv_words=2434 cache=miss
+3.074s BW_SHADER_TIMING name=gpu_shader_2D_diag_stripes entry_us=1786272116775859 exit_us=1786272116920750 iface_us=0 shaderc_us=140476 tint_us=2494 nstages=2 spirv_words=1110 cache=miss
+3.221s BW_SHADER_TIMING name=gpu_shader_2D_image_rect_color entry_us=1786272116922115 exit_us=1786272117068025 iface_us=4 shaderc_us=140866 tint_us=3585 nstages=2 spirv_words=1747 cache=miss
+3.367s BW_SHADER_TIMING name=gpu_shader_2D_area_borders entry_us=1786272117069160 exit_us=1786272117214234 iface_us=5 shaderc_us=139874 tint_us=3226 nstages=2 spirv_words=1637 cache=miss
+3.370s WGPUWeb: presentBackbuffer frame 0 — surface 1600x900 -> canvas (offscreen blit)
+3.375s Unable to find the Python binary, the multiprocessing module may not be functional!
+5.532s BW_SHADER_TIMING name=overlay_antialiasing_pipeline entry_us=1786272119219545 exit_us=1786272119378635 iface_us=0 shaderc_us=147735 tint_us=9095 nstages=2 spirv_words=6948 cache=miss
+5.688s BW_SHADER_TIMING name=overlay_armature_dof entry_us=1786272119382170 exit_us=1786272119534905 iface_us=4 shaderc_us=144395 tint_us=6549 nstages=2 spirv_words=5547 cache=miss
+5.842s BW_SHADER_TIMING name=overlay_armature_envelope_solid entry_us=1786272119538265 exit_us=1786272119689150 iface_us=0 shaderc_us=141786 tint_us=7095 nstages=2 spirv_words=5879 cache=miss
+6.001s BW_SHADER_TIMING name=overlay_armature_envelope_outline entry_us=1786272119692545 exit_us=1786272119848055 iface_us=6 shaderc_us=144110 tint_us=9505 nstages=2 spirv_words=7931 cache=miss
+6.160s BW_SHADER_TIMING name=overlay_armature_shape_solid entry_us=1786272119851215 exit_us=1786272120007220 iface_us=5 shaderc_us=146036 tint_us=7804 nstages=2 spirv_words=5732 cache=miss
+6.323s BW_SHADER_TIMING name=overlay_armature_shape_outline entry_us=1786272120010775 exit_us=1786272120169960 iface_us=6 shaderc_us=145188 tint_us=11697 nstages=2 spirv_words=9712 cache=miss
+6.491s BW_SHADER_TIMING name=overlay_armature_shape_wire_strip entry_us=1786272120173355 exit_us=1786272120338249 iface_us=5 shaderc_us=151481 tint_us=11880 nstages=2 spirv_words=9497 cache=miss
+6.651s BW_SHADER_TIMING name=overlay_armature_shape_wire entry_us=1786272120341655 exit_us=1786272120498080 iface_us=0 shaderc_us=143544 tint_us=10844 nstages=2 spirv_words=9329 cache=miss
+6.810s BW_SHADER_TIMING name=overlay_armature_sphere_solid entry_us=1786272120501404 exit_us=1786272120657374 iface_us=4 shaderc_us=144495 tint_us=9770 nstages=2 spirv_words=7810 cache=miss
+6.967s BW_SHADER_TIMING name=overlay_armature_sphere_outline entry_us=1786272120660434 exit_us=1786272120813995 iface_us=4 shaderc_us=143026 tint_us=8505 nstages=2 spirv_words=6665 cache=miss
+7.122s BW_SHADER_TIMING name=overlay_armature_stick entry_us=1786272120817170 exit_us=1786272120968595 iface_us=5 shaderc_us=142084 tint_us=7530 nstages=2 spirv_words=7021 cache=miss
+7.277s BW_SHADER_TIMING name=overlay_armature_wire entry_us=1786272120971820 exit_us=1786272121123549 iface_us=5 shaderc_us=143616 tint_us=6286 nstages=2 spirv_words=5714 cache=miss
+7.428s BW_SHADER_TIMING name=overlay_viewer_attribute_curve entry_us=1786272121125970 exit_us=1786272121274950 iface_us=0 shaderc_us=142274 tint_us=5011 nstages=2 spirv_words=4975 cache=miss
+7.587s BW_SHADER_TIMING name=overlay_viewer_attribute_curves entry_us=1786272121278070 exit_us=1786272121433880 iface_us=0 shaderc_us=144059 tint_us=9995 nstages=2 spirv_words=9106 cache=miss
+7.739s BW_SHADER_TIMING name=overlay_viewer_attribute_mesh entry_us=1786272121436750 exit_us=1786272121585495 iface_us=5 shaderc_us=142219 tint_us=5004 nstages=2 spirv_words=4975 cache=miss
+7.894s BW_SHADER_TIMING name=overlay_viewer_attribute_pointcloud entry_us=1786272121588960 exit_us=1786272121740474 iface_us=5 shaderc_us=142210 tint_us=7444 nstages=2 spirv_words=7302 cache=miss
+8.046s BW_SHADER_TIMING name=overlay_background entry_us=1786272121742900 exit_us=1786272121892930 iface_us=5 shaderc_us=141676 tint_us=6455 nstages=2 spirv_words=5713 cache=miss
+8.204s BW_SHADER_TIMING name=overlay_edit_curves_handle entry_us=1786272121896260 exit_us=1786272122051154 iface_us=0 shaderc_us=141970 tint_us=11154 nstages=2 spirv_words=10179 cache=miss
+8.358s BW_SHADER_TIMING name=overlay_edit_particle_strand entry_us=1786272122054560 exit_us=1786272122204650 iface_us=5 shaderc_us=142431 tint_us=5871 nstages=2 spirv_words=5534 cache=miss
+8.512s BW_SHADER_TIMING name=overlay_edit_curves_point entry_us=1786272122207915 exit_us=1786272122359245 iface_us=0 shaderc_us=142129 tint_us=7590 nstages=2 spirv_words=6894 cache=miss
+8.670s BW_SHADER_TIMING name=overlay_depth_curves entry_us=1786272122362960 exit_us=1786272122516505 iface_us=6 shaderc_us=142823 tint_us=9131 nstages=2 spirv_words=8849 cache=miss
+8.849s BW_SHADER_TIMING name=overlay_depth_gpencil entry_us=1786272122521289 exit_us=1786272122696105 iface_us=4 shaderc_us=148011 tint_us=24810 nstages=2 spirv_words=21053 cache=miss
+9.002s BW_SHADER_TIMING name=overlay_depth_mesh entry_us=1786272122699420 exit_us=1786272122848990 iface_us=0 shaderc_us=143576 tint_us=4405 nstages=2 spirv_words=4907 cache=miss
+9.160s BW_SHADER_TIMING name=overlay_depth_pointcloud entry_us=1786272122852685 exit_us=1786272123006905 iface_us=5 shaderc_us=145120 tint_us=7084 nstages=2 spirv_words=7129 cache=miss
+9.314s BW_SHADER_TIMING name=overlay_extra_grid entry_us=1786272123010194 exit_us=1786272123160740 iface_us=6 shaderc_us=142285 tint_us=5940 nstages=2 spirv_words=5881 cache=miss
+9.469s BW_SHADER_TIMING name=overlay_extra_groundline entry_us=1786272123164220 exit_us=1786272123316124 iface_us=5 shaderc_us=144335 tint_us=5630 nstages=2 spirv_words=5655 cache=miss
+9.620s BW_SHADER_TIMING name=overlay_extra_loose_point entry_us=1786272123319290 exit_us=1786272123466755 iface_us=0 shaderc_us=140815 tint_us=5206 nstages=2 spirv_words=5456 cache=miss
+9.771s BW_SHADER_TIMING name=overlay_extra_point entry_us=1786272123470130 exit_us=1786272123618040 iface_us=10 shaderc_us=140505 tint_us=5631 nstages=2 spirv_words=5766 cache=miss
+9.933s BW_SHADER_TIMING name=overlay_extra entry_us=1786272123621414 exit_us=1786272123779350 iface_us=6 shaderc_us=145234 tint_us=10839 nstages=2 spirv_words=9233 cache=miss
+10.083s BW_SHADER_TIMING name=overlay_extra_wire_object entry_us=1786272123782714 exit_us=1786272123930224 iface_us=0 shaderc_us=139696 tint_us=5980 nstages=2 spirv_words=5761 cache=miss
+10.236s BW_SHADER_TIMING name=overlay_extra_wire entry_us=1786272123933495 exit_us=1786272124082835 iface_us=4 shaderc_us=140362 tint_us=6150 nstages=2 spirv_words=6066 cache=miss
+10.386s BW_SHADER_TIMING name=overlay_volume_gridlines_flags entry_us=1786272124085865 exit_us=1786272124233029 iface_us=4 shaderc_us=139749 tint_us=5479 nstages=2 spirv_words=3681 cache=miss
+10.537s BW_SHADER_TIMING name=overlay_volume_gridlines_flat entry_us=1786272124235630 exit_us=1786272124383460 iface_us=6 shaderc_us=141504 tint_us=4282 nstages=2 spirv_words=2880 cache=miss
+10.693s BW_SHADER_TIMING name=overlay_volume_gridlines_range entry_us=1786272124386285 exit_us=1786272124539325 iface_us=0 shaderc_us=146255 tint_us=4961 nstages=2 spirv_words=3381 cache=miss
+10.848s BW_SHADER_TIMING name=overlay_volume_velocity_mac entry_us=1786272124541925 exit_us=1786272124694644 iface_us=5 shaderc_us=144490 tint_us=6235 nstages=2 spirv_words=4208 cache=miss
+11.001s BW_SHADER_TIMING name=overlay_volume_velocity_needle entry_us=1786272124697349 exit_us=1786272124847415 iface_us=0 shaderc_us=141979 tint_us=6184 nstages=2 spirv_words=4451 cache=miss
+11.152s BW_SHADER_TIMING name=overlay_volume_velocity_streamline entry_us=1786272124850040 exit_us=1786272124998605 iface_us=5 shaderc_us=140806 tint_us=6329 nstages=2 spirv_words=4355 cache=miss
+11.316s BW_SHADER_TIMING name=overlay_grid_next entry_us=1786272125001035 exit_us=1786272125162825 iface_us=4 shaderc_us=146460 tint_us=13504 nstages=2 spirv_words=11604 cache=miss
+11.470s BW_SHADER_TIMING name=overlay_image_depth_bias entry_us=1786272125166289 exit_us=1786272125316470 iface_us=0 shaderc_us=141790 tint_us=6840 nstages=2 spirv_words=5954 cache=miss
+11.621s BW_SHADER_TIMING name=overlay_edit_lattice_point entry_us=1786272125319700 exit_us=1786272125467890 iface_us=0 shaderc_us=141402 tint_us=5168 nstages=2 spirv_words=5310 cache=miss
+11.773s BW_SHADER_TIMING name=overlay_edit_lattice_wire entry_us=1786272125470860 exit_us=1786272125620015 iface_us=5 shaderc_us=141860 tint_us=4950 nstages=2 spirv_words=5183 cache=miss
+11.931s BW_SHADER_TIMING name=overlay_edit_curve_handle entry_us=1786272125623215 exit_us=1786272125777285 iface_us=0 shaderc_us=142020 tint_us=10255 nstages=2 spirv_words=9544 cache=miss
+12.082s BW_SHADER_TIMING name=overlay_edit_curve_point entry_us=1786272125780620 exit_us=1786272125928875 iface_us=0 shaderc_us=140786 tint_us=5910 nstages=2 spirv_words=5790 cache=miss
+12.234s BW_SHADER_TIMING name=overlay_edit_curve_wire entry_us=1786272125931775 exit_us=1786272126080869 iface_us=0 shaderc_us=141540 tint_us=5945 nstages=2 spirv_words=5754 cache=miss
+12.390s BW_SHADER_TIMING name=overlay_extra_spot_cone entry_us=1786272126084120 exit_us=1786272126237185 iface_us=4 shaderc_us=141711 tint_us=9781 nstages=2 spirv_words=8865 cache=miss
+12.541s BW_SHADER_TIMING name=overlay_edit_mesh_analysis entry_us=1786272126240414 exit_us=1786272126388059 iface_us=6 shaderc_us=141145 tint_us=4984 nstages=2 spirv_words=5252 cache=miss
+12.698s BW_SHADER_TIMING name=overlay_edit_mesh_depth entry_us=1786272126391295 exit_us=1786272126544195 iface_us=5 shaderc_us=146001 tint_us=4855 nstages=2 spirv_words=5436 cache=miss
+12.867s BW_SHADER_TIMING name=overlay_edit_mesh_edge entry_us=1786272126548049 exit_us=1786272126713724 iface_us=4 shaderc_us=149098 tint_us=14911 nstages=2 spirv_words=13988 cache=miss
+13.020s BW_SHADER_TIMING name=overlay_edit_mesh_face entry_us=1786272126716829 exit_us=1786272126866905 iface_us=6 shaderc_us=141940 tint_us=6369 nstages=2 spirv_words=6621 cache=miss
+13.177s BW_SHADER_TIMING name=overlay_edit_mesh_facedot entry_us=1786272126870400 exit_us=1786272127024130 iface_us=5 shaderc_us=143839 tint_us=8016 nstages=2 spirv_words=7469 cache=miss
+13.332s BW_SHADER_TIMING name=overlay_edit_mesh_skin_root entry_us=1786272127027075 exit_us=1786272127178895 iface_us=4 shaderc_us=143400 tint_us=5754 nstages=2 spirv_words=5982 cache=miss
+13.491s BW_SHADER_TIMING name=overlay_edit_mesh_vert entry_us=1786272127182275 exit_us=1786272127337890 iface_us=4 shaderc_us=145468 tint_us=8251 nstages=2 spirv_words=7643 cache=miss
+13.652s BW_SHADER_TIMING name=overlay_motion_path_line entry_us=1786272127341289 exit_us=1786272127499184 iface_us=6 shaderc_us=147500 tint_us=8391 nstages=2 spirv_words=8452 cache=miss
+13.806s BW_SHADER_TIMING name=overlay_motion_path_point entry_us=1786272127502210 exit_us=1786272127653050 iface_us=0 shaderc_us=143285 tint_us=5250 nstages=2 spirv_words=5659 cache=miss
+13.975s BW_SHADER_TIMING name=overlay_outline_detect entry_us=1786272127656315 exit_us=1786272127821499 iface_us=5 shaderc_us=149571 tint_us=13759 nstages=2 spirv_words=11917 cache=miss
+14.135s BW_SHADER_TIMING name=overlay_outline_prepass_curves entry_us=1786272127825070 exit_us=1786272127981625 iface_us=5 shaderc_us=144225 tint_us=10485 nstages=2 spirv_words=10371 cache=miss
+14.319s BW_SHADER_TIMING name=overlay_outline_prepass_gpencil entry_us=1786272127986060 exit_us=1786272128165670 iface_us=5 shaderc_us=152805 tint_us=25115 nstages=2 spirv_words=21485 cache=miss
+14.477s BW_SHADER_TIMING name=overlay_outline_prepass_mesh entry_us=1786272128168705 exit_us=1786272128323765 iface_us=0 shaderc_us=147159 tint_us=5859 nstages=2 spirv_words=6347 cache=miss
+14.635s BW_SHADER_TIMING name=overlay_outline_prepass_pointcloud entry_us=1786272128326994 exit_us=1786272128481880 iface_us=5 shaderc_us=145200 tint_us=7745 nstages=2 spirv_words=8018 cache=miss
+14.796s BW_SHADER_TIMING name=overlay_outline_prepass_wire entry_us=1786272128484934 exit_us=1786272128642855 iface_us=4 shaderc_us=147590 tint_us=8406 nstages=2 spirv_words=8893 cache=miss
+14.952s BW_SHADER_TIMING name=overlay_paint_weight_fake_shading entry_us=1786272128645480 exit_us=1786272128798984 iface_us=5 shaderc_us=144240 tint_us=7530 nstages=2 spirv_words=7060 cache=miss
+15.107s BW_SHADER_TIMING name=overlay_particle_dot entry_us=1786272128802245 exit_us=1786272128953565 iface_us=6 shaderc_us=142558 tint_us=5820 nstages=2 spirv_words=5808 cache=miss
+15.112s BW_SHADER_TIMING name=overlay_edit_particle_strand entry_us=1786272128956590 exit_us=1786272128958684 iface_us=0 shaderc_us=0 tint_us=0 nstages=0 spirv_words=0 cache=hit
+15.270s BW_SHADER_TIMING name=overlay_edit_particle_point entry_us=1786272128961874 exit_us=1786272129116944 iface_us=6 shaderc_us=146645 tint_us=6475 nstages=2 spirv_words=6136 cache=miss
+15.432s BW_SHADER_TIMING name=overlay_particle_hair entry_us=1786272129120440 exit_us=1786272129278654 iface_us=6 shaderc_us=146945 tint_us=9045 nstages=2 spirv_words=8598 cache=miss
+15.593s BW_SHADER_TIMING name=overlay_particle_shape entry_us=1786272129281975 exit_us=1786272129439380 iface_us=10 shaderc_us=146150 tint_us=7080 nstages=2 spirv_words=6980 cache=miss
+15.747s BW_SHADER_TIMING name=overlay_edit_pointcloud entry_us=1786272129442690 exit_us=1786272129593925 iface_us=0 shaderc_us=144025 tint_us=5176 nstages=2 spirv_words=5486 cache=miss
+15.902s BW_SHADER_TIMING name=overlay_uniform_color entry_us=1786272129597244 exit_us=1786272129748770 iface_us=6 shaderc_us=144835 tint_us=4610 nstages=2 spirv_words=4997 cache=miss
+16.062s BW_SHADER_TIMING name=overlay_wireframe_curve entry_us=1786272129752134 exit_us=1786272129908365 iface_us=6 shaderc_us=145785 tint_us=8440 nstages=2 spirv_words=8315 cache=miss
+16.231s BW_SHADER_TIMING name=overlay_wireframe entry_us=1786272129911890 exit_us=1786272130076760 iface_us=5 shaderc_us=151480 tint_us=11364 nstages=2 spirv_words=10413 cache=miss
+16.390s BW_SHADER_TIMING name=overlay_wireframe_points entry_us=1786272130080255 exit_us=1786272130237105 iface_us=0 shaderc_us=146564 tint_us=7725 nstages=2 spirv_words=7965 cache=miss
+16.544s BW_SHADER_TIMING name=workbench_resolve_opaque_studio_no_cavity_no_curvature_no_shado entry_us=1786272130240525 exit_us=1786272130391220 iface_us=4 shaderc_us=140647 tint_us=8154 nstages=2 spirv_words=6406 cache=miss
+16.693s BW_SHADER_TIMING name=workbench_transparent_resolve entry_us=1786272130392434 exit_us=1786272130539235 iface_us=0 shaderc_us=142526 tint_us=2384 nstages=2 spirv_words=1018 cache=miss
+16.839s BW_SHADER_TIMING name=workbench_merge_depth entry_us=1786272130540295 exit_us=1786272130685874 iface_us=0 shaderc_us=140541 tint_us=2185 nstages=2 spirv_words=845 cache=miss
+16.988s BW_SHADER_TIMING name=workbench_effect_outline entry_us=1786272130687205 exit_us=1786272130834410 iface_us=5 shaderc_us=141975 tint_us=3419 nstages=2 spirv_words=1807 cache=miss
+17.135s BW_SHADER_TIMING name=workbench_overlay_depth entry_us=1786272130835599 exit_us=1786272130982065 iface_us=5 shaderc_us=143024 tint_us=1679 nstages=2 spirv_words=667 cache=miss
+17.286s BW_SHADER_TIMING name=workbench_taa entry_us=1786272130983174 exit_us=1786272131133090 iface_us=0 shaderc_us=143510 tint_us=4594 nstages=2 spirv_words=2766 cache=miss
+17.442s BW_SHADER_TIMING name=workbench_smaa_stage_0 entry_us=1786272131135535 exit_us=1786272131288180 iface_us=0 shaderc_us=146619 tint_us=4191 nstages=2 spirv_words=2153 cache=miss
+17.605s BW_SHADER_TIMING name=workbench_smaa_stage_1 entry_us=1786272131290880 exit_us=1786272131451255 iface_us=0 shaderc_us=144771 tint_us=12800 nstages=2 spirv_words=8766 cache=miss
+17.758s BW_SHADER_TIMING name=workbench_smaa_stage_2 entry_us=1786272131453839 exit_us=1786272131604069 iface_us=5 shaderc_us=143725 tint_us=4365 nstages=2 spirv_words=2539 cache=miss
+17.911s BW_SHADER_TIMING name=gpu_shader_3D_polyline_flat_color entry_us=1786272131605865 exit_us=1786272131758305 iface_us=5 shaderc_us=142514 tint_us=7165 nstages=2 spirv_words=5791 cache=miss
+18.070s BW_SHADER_TIMING name=overlay_wireframe_points_with_radius entry_us=1786272131762745 exit_us=1786272131916965 iface_us=4 shaderc_us=144306 tint_us=7984 nstages=2 spirv_words=8219 cache=miss
+18.229s BW_SHADER_TIMING name=workbench_prepass_mesh_opaque_studio_material_no_clip entry_us=1786272131922360 exit_us=1786272132076019 iface_us=0 shaderc_us=144852 tint_us=6290 nstages=2 spirv_words=4964 cache=miss
+18.324s BW_SHADER_TIMING name=draw_resource_finalize entry_us=1786272132089755 exit_us=1786272132170720 iface_us=5 shaderc_us=74884 tint_us=4036 nstages=1 spirv_words=3316 cache=miss
+18.416s BW_SHADER_TIMING name=draw_visibility_compute entry_us=1786272132174619 exit_us=1786272132262830 iface_us=5 shaderc_us=79555 tint_us=6235 nstages=1 spirv_words=4348 cache=miss
+18.501s BW_SHADER_TIMING name=draw_command_generate entry_us=1786272132264375 exit_us=1786272132346410 iface_us=0 shaderc_us=72854 tint_us=6360 nstages=1 spirv_words=4691 cache=miss
+18.669s BW_SHADER_TIMING name=OCIO_Display entry_us=1786272132364270 exit_us=1786272132515430 iface_us=0 shaderc_us=144374 tint_us=5236 nstages=2 spirv_words=3027 cache=miss
+18.670s WGPUWeb: presentBackbuffer frame 1 — surface 1600x900 -> canvas (offscreen blit)