+0.122s Failed to load resource: the server responded with a status of 404 (File not found)
+0.502s /Users/paws/blender-web/build-deps/openimageio/OpenImageIO-3.1.13.1/src/libutil/sysutil.cpp:214: physical_memory: Assertion '0 && "Need to implement Sysutil::physical_memory on this platform"' failed.
+0.507s [bw] WM-worker WebGPU device pre-acquired (ADR-007); features=22
+0.683s [bw] M7 store: OPFS mounted at /projects (+/.recovery) - PERSISTENT rc=0 in 19.4 ms
+1.176s BW_SHADER_TIMING name=gpu_shader_text entry_us=1786272213314370 exit_us=1786272213628715 iface_us=95 shaderc_us=232641 tint_us=81425 nstages=2 spirv_words=6106 cache=miss
+1.369s BW_SHADER_TIMING name=gpu_shader_2D_widget_base entry_us=1786272213639344 exit_us=1786272213838309 iface_us=0 shaderc_us=158399 tint_us=40495 nstages=2 spirv_words=8396 cache=miss
+1.510s BW_SHADER_TIMING name=gpu_shader_3D_uniform_color entry_us=1786272213839500 exit_us=1786272213979510 iface_us=5 shaderc_us=137155 tint_us=2815 nstages=2 spirv_words=1242 cache=miss
+1.662s BW_SHADER_TIMING name=gpu_shader_3D_polyline_uniform_color entry_us=1786272213980914 exit_us=1786272214130190 iface_us=6 shaderc_us=136670 tint_us=12549 nstages=2 spirv_words=5170 cache=miss
+1.799s BW_SHADER_TIMING name=gpu_shader_3D_image_color entry_us=1786272214131614 exit_us=1786272214267890 iface_us=6 shaderc_us=133295 tint_us=2941 nstages=2 spirv_words=1457 cache=miss
+1.939s BW_SHADER_TIMING name=gpu_shader_2D_node_socket entry_us=1786272214270249 exit_us=1786272214408564 iface_us=0 shaderc_us=131605 tint_us=6664 nstages=2 spirv_words=3646 cache=miss
+2.086s BW_SHADER_TIMING name=gpu_shader_2D_widget_base_inst entry_us=1786272214410990 exit_us=1786272214556335 iface_us=0 shaderc_us=132421 tint_us=12868 nstages=2 spirv_words=8564 cache=miss
+2.228s BW_SHADER_TIMING name=gpu_shader_3D_line_dashed_uniform_color entry_us=1786272214558344 exit_us=1786272214697600 iface_us=0 shaderc_us=136473 tint_us=2736 nstages=2 spirv_words=1442 cache=miss
+2.362s BW_SHADER_TIMING name=gpu_shader_2D_image_desaturate_color entry_us=1786272214698804 exit_us=1786272214832185 iface_us=0 shaderc_us=130761 tint_us=2574 nstages=2 spirv_words=1256 cache=miss
+2.500s BW_SHADER_TIMING name=gpu_shader_3D_polyline_smooth_color entry_us=1786272214833630 exit_us=1786272214970080 iface_us=5 shaderc_us=128244 tint_us=8153 nstages=2 spirv_words=5791 cache=miss
+2.636s BW_SHADER_TIMING name=gpu_shader_2D_widget_shadow entry_us=1786272214971229 exit_us=1786272215105440 iface_us=0 shaderc_us=129890 tint_us=4264 nstages=2 spirv_words=2434 cache=miss
+2.770s BW_SHADER_TIMING name=gpu_shader_2D_diag_stripes entry_us=1786272215106480 exit_us=1786272215239429 iface_us=0 shaderc_us=130640 tint_us=2266 nstages=2 spirv_words=1110 cache=miss
+2.903s BW_SHADER_TIMING name=gpu_shader_2D_image_rect_color entry_us=1786272215240525 exit_us=1786272215373349 iface_us=6 shaderc_us=129704 tint_us=3070 nstages=2 spirv_words=1747 cache=miss
+3.035s BW_SHADER_TIMING name=gpu_shader_2D_area_borders entry_us=1786272215374420 exit_us=1786272215505189 iface_us=0 shaderc_us=127776 tint_us=2960 nstages=2 spirv_words=1637 cache=miss
+3.037s WGPUWeb: presentBackbuffer frame 0 — surface 1600x900 -> canvas (offscreen blit)
+3.042s Unable to find the Python binary, the multiprocessing module may not be functional!
+4.938s BW_SHADER_TIMING name=overlay_antialiasing_pipeline entry_us=1786272217267460 exit_us=1786272217408310 iface_us=4 shaderc_us=132840 tint_us=7965 nstages=2 spirv_words=6948 cache=miss
+5.075s BW_SHADER_TIMING name=overlay_armature_dof entry_us=1786272217411330 exit_us=1786272217544564 iface_us=6 shaderc_us=127251 tint_us=5901 nstages=2 spirv_words=5547 cache=miss
+5.213s BW_SHADER_TIMING name=overlay_armature_envelope_solid entry_us=1786272217547685 exit_us=1786272217682455 iface_us=0 shaderc_us=128790 tint_us=5910 nstages=2 spirv_words=5879 cache=miss
+5.358s BW_SHADER_TIMING name=overlay_armature_envelope_outline entry_us=1786272217685455 exit_us=1786272217827450 iface_us=6 shaderc_us=133581 tint_us=8326 nstages=2 spirv_words=7931 cache=miss
+5.501s BW_SHADER_TIMING name=overlay_armature_shape_solid entry_us=1786272217830324 exit_us=1786272217970890 iface_us=0 shaderc_us=133655 tint_us=6831 nstages=2 spirv_words=5732 cache=miss
+5.644s BW_SHADER_TIMING name=overlay_armature_shape_outline entry_us=1786272217974040 exit_us=1786272218113574 iface_us=5 shaderc_us=129401 tint_us=10045 nstages=2 spirv_words=9712 cache=miss
+5.788s BW_SHADER_TIMING name=overlay_armature_shape_wire_strip entry_us=1786272218116630 exit_us=1786272218257910 iface_us=6 shaderc_us=131474 tint_us=9724 nstages=2 spirv_words=9497 cache=miss
+5.929s BW_SHADER_TIMING name=overlay_armature_shape_wire entry_us=1786272218260884 exit_us=1786272218398994 iface_us=6 shaderc_us=128825 tint_us=9214 nstages=2 spirv_words=9329 cache=miss
+6.071s BW_SHADER_TIMING name=overlay_armature_sphere_solid entry_us=1786272218401815 exit_us=1786272218540715 iface_us=0 shaderc_us=130194 tint_us=8605 nstages=2 spirv_words=7810 cache=miss
+6.208s BW_SHADER_TIMING name=overlay_armature_sphere_outline entry_us=1786272218543490 exit_us=1786272218677495 iface_us=0 shaderc_us=126781 tint_us=7133 nstages=2 spirv_words=6665 cache=miss
+6.350s BW_SHADER_TIMING name=overlay_armature_stick entry_us=1786272218680539 exit_us=1786272218819010 iface_us=0 shaderc_us=131616 tint_us=6766 nstages=2 spirv_words=7021 cache=miss
+6.484s BW_SHADER_TIMING name=overlay_armature_wire entry_us=1786272218822234 exit_us=1786272218953989 iface_us=6 shaderc_us=126120 tint_us=5550 nstages=2 spirv_words=5714 cache=miss
+6.620s BW_SHADER_TIMING name=overlay_viewer_attribute_curve entry_us=1786272218956179 exit_us=1786272219089455 iface_us=0 shaderc_us=128847 tint_us=4359 nstages=2 spirv_words=4975 cache=miss
+6.759s BW_SHADER_TIMING name=overlay_viewer_attribute_curves entry_us=1786272219092209 exit_us=1786272219228620 iface_us=0 shaderc_us=127225 tint_us=9108 nstages=2 spirv_words=9106 cache=miss
+6.892s BW_SHADER_TIMING name=overlay_viewer_attribute_mesh entry_us=1786272219231109 exit_us=1786272219362180 iface_us=0 shaderc_us=126385 tint_us=4639 nstages=2 spirv_words=4975 cache=miss
+7.031s BW_SHADER_TIMING name=overlay_viewer_attribute_pointcloud entry_us=1786272219365275 exit_us=1786272219500740 iface_us=5 shaderc_us=128695 tint_us=6714 nstages=2 spirv_words=7302 cache=miss
+7.165s BW_SHADER_TIMING name=overlay_background entry_us=1786272219503095 exit_us=1786272219634690 iface_us=4 shaderc_us=125869 tint_us=5639 nstages=2 spirv_words=5713 cache=miss
+7.307s BW_SHADER_TIMING name=overlay_edit_curves_handle entry_us=1786272219637724 exit_us=1786272219776849 iface_us=4 shaderc_us=129605 tint_us=9425 nstages=2 spirv_words=10179 cache=miss
+7.442s BW_SHADER_TIMING name=overlay_edit_particle_strand entry_us=1786272219779934 exit_us=1786272219912110 iface_us=10 shaderc_us=126910 tint_us=5185 nstages=2 spirv_words=5534 cache=miss
+7.582s BW_SHADER_TIMING name=overlay_edit_curves_point entry_us=1786272219915160 exit_us=1786272220051450 iface_us=4 shaderc_us=129479 tint_us=6740 nstages=2 spirv_words=6894 cache=miss
+7.720s BW_SHADER_TIMING name=overlay_depth_curves entry_us=1786272220054964 exit_us=1786272220189920 iface_us=6 shaderc_us=127041 tint_us=7844 nstages=2 spirv_words=8849 cache=miss
+7.880s BW_SHADER_TIMING name=overlay_depth_gpencil entry_us=1786272220194194 exit_us=1786272220350030 iface_us=0 shaderc_us=133632 tint_us=22089 nstages=2 spirv_words=21053 cache=miss
+8.012s BW_SHADER_TIMING name=overlay_depth_mesh entry_us=1786272220353039 exit_us=1786272220482350 iface_us=0 shaderc_us=125384 tint_us=3846 nstages=2 spirv_words=4907 cache=miss
+8.149s BW_SHADER_TIMING name=overlay_depth_pointcloud entry_us=1786272220485479 exit_us=1786272220618324 iface_us=6 shaderc_us=126444 tint_us=6324 nstages=2 spirv_words=7129 cache=miss
+8.285s BW_SHADER_TIMING name=overlay_extra_grid entry_us=1786272220621315 exit_us=1786272220755124 iface_us=4 shaderc_us=128093 tint_us=5655 nstages=2 spirv_words=5881 cache=miss
+8.420s BW_SHADER_TIMING name=overlay_extra_groundline entry_us=1786272220757939 exit_us=1786272220890190 iface_us=0 shaderc_us=126921 tint_us=5259 nstages=2 spirv_words=5655 cache=miss
+8.558s BW_SHADER_TIMING name=overlay_extra_loose_point entry_us=1786272220893025 exit_us=1786272221027765 iface_us=0 shaderc_us=129906 tint_us=4757 nstages=2 spirv_words=5456 cache=miss
+8.693s BW_SHADER_TIMING name=overlay_extra_point entry_us=1786272221030684 exit_us=1786272221162945 iface_us=4 shaderc_us=126816 tint_us=5363 nstages=2 spirv_words=5766 cache=miss
+8.835s BW_SHADER_TIMING name=overlay_extra entry_us=1786272221166010 exit_us=1786272221304160 iface_us=5 shaderc_us=128504 tint_us=9559 nstages=2 spirv_words=9233 cache=miss
+8.972s BW_SHADER_TIMING name=overlay_extra_wire_object entry_us=1786272221307109 exit_us=1786272221442015 iface_us=0 shaderc_us=129405 tint_us=5425 nstages=2 spirv_words=5761 cache=miss
+9.109s BW_SHADER_TIMING name=overlay_extra_wire entry_us=1786272221445009 exit_us=1786272221578994 iface_us=4 shaderc_us=127915 tint_us=5986 nstages=2 spirv_words=6066 cache=miss
+9.247s BW_SHADER_TIMING name=overlay_volume_gridlines_flags entry_us=1786272221582214 exit_us=1786272221716620 iface_us=6 shaderc_us=129360 tint_us=4984 nstages=2 spirv_words=3681 cache=miss
+9.383s BW_SHADER_TIMING name=overlay_volume_gridlines_flat entry_us=1786272221719020 exit_us=1786272221852185 iface_us=0 shaderc_us=129253 tint_us=3855 nstages=2 spirv_words=2880 cache=miss
+9.518s BW_SHADER_TIMING name=overlay_volume_gridlines_range entry_us=1786272221854690 exit_us=1786272221988075 iface_us=6 shaderc_us=128530 tint_us=4780 nstages=2 spirv_words=3381 cache=miss
+9.653s BW_SHADER_TIMING name=overlay_volume_velocity_mac entry_us=1786272221990545 exit_us=1786272222122380 iface_us=0 shaderc_us=125924 tint_us=5854 nstages=2 spirv_words=4208 cache=miss
+9.790s BW_SHADER_TIMING name=overlay_volume_velocity_needle entry_us=1786272222124765 exit_us=1786272222260110 iface_us=5 shaderc_us=129569 tint_us=5719 nstages=2 spirv_words=4451 cache=miss
+9.925s BW_SHADER_TIMING name=overlay_volume_velocity_streamline entry_us=1786272222262554 exit_us=1786272222394935 iface_us=0 shaderc_us=126209 tint_us=6111 nstages=2 spirv_words=4355 cache=miss
+10.068s BW_SHADER_TIMING name=overlay_grid_next entry_us=1786272222397195 exit_us=1786272222537635 iface_us=0 shaderc_us=128349 tint_us=12011 nstages=2 spirv_words=11604 cache=miss
+10.205s BW_SHADER_TIMING name=overlay_image_depth_bias entry_us=1786272222540740 exit_us=1786272222674660 iface_us=6 shaderc_us=127164 tint_us=6685 nstages=2 spirv_words=5954 cache=miss
+10.342s BW_SHADER_TIMING name=overlay_edit_lattice_point entry_us=1786272222677489 exit_us=1786272222811954 iface_us=0 shaderc_us=129376 tint_us=5021 nstages=2 spirv_words=5310 cache=miss
+10.478s BW_SHADER_TIMING name=overlay_edit_lattice_wire entry_us=1786272222814569 exit_us=1786272222948104 iface_us=4 shaderc_us=128854 tint_us=4615 nstages=2 spirv_words=5183 cache=miss
+10.617s BW_SHADER_TIMING name=overlay_edit_curve_handle entry_us=1786272222950960 exit_us=1786272223087365 iface_us=0 shaderc_us=127199 tint_us=9131 nstages=2 spirv_words=9544 cache=miss
+10.752s BW_SHADER_TIMING name=overlay_edit_curve_point entry_us=1786272223090265 exit_us=1786272223221734 iface_us=0 shaderc_us=126164 tint_us=5218 nstages=2 spirv_words=5790 cache=miss
+10.887s BW_SHADER_TIMING name=overlay_edit_curve_wire entry_us=1786272223224480 exit_us=1786272223356280 iface_us=0 shaderc_us=126240 tint_us=5492 nstages=2 spirv_words=5754 cache=miss
+11.027s BW_SHADER_TIMING name=overlay_extra_spot_cone entry_us=1786272223359314 exit_us=1786272223496760 iface_us=0 shaderc_us=128729 tint_us=8642 nstages=2 spirv_words=8865 cache=miss
+11.164s BW_SHADER_TIMING name=overlay_edit_mesh_analysis entry_us=1786272223499535 exit_us=1786272223633299 iface_us=4 shaderc_us=128985 tint_us=4715 nstages=2 spirv_words=5252 cache=miss
+11.302s BW_SHADER_TIMING name=overlay_edit_mesh_depth entry_us=1786272223636250 exit_us=1786272223771944 iface_us=5 shaderc_us=130769 tint_us=4861 nstages=2 spirv_words=5436 cache=miss
+11.449s BW_SHADER_TIMING name=overlay_edit_mesh_edge entry_us=1786272223775255 exit_us=1786272223918565 iface_us=0 shaderc_us=130149 tint_us=13085 nstages=2 spirv_words=13988 cache=miss
+11.584s BW_SHADER_TIMING name=overlay_edit_mesh_face entry_us=1786272223921520 exit_us=1786272224054210 iface_us=5 shaderc_us=126699 tint_us=5920 nstages=2 spirv_words=6621 cache=miss
+11.723s BW_SHADER_TIMING name=overlay_edit_mesh_facedot entry_us=1786272224057305 exit_us=1786272224192535 iface_us=6 shaderc_us=128312 tint_us=6844 nstages=2 spirv_words=7469 cache=miss
+11.863s BW_SHADER_TIMING name=overlay_edit_mesh_skin_root entry_us=1786272224195354 exit_us=1786272224332355 iface_us=6 shaderc_us=131320 tint_us=5619 nstages=2 spirv_words=5982 cache=miss
+12.002s BW_SHADER_TIMING name=overlay_edit_mesh_vert entry_us=1786272224335314 exit_us=1786272224472265 iface_us=6 shaderc_us=129334 tint_us=7541 nstages=2 spirv_words=7643 cache=miss
+12.142s BW_SHADER_TIMING name=overlay_motion_path_line entry_us=1786272224475330 exit_us=1786272224612065 iface_us=4 shaderc_us=129148 tint_us=7514 nstages=2 spirv_words=8452 cache=miss
+12.278s BW_SHADER_TIMING name=overlay_motion_path_point entry_us=1786272224614974 exit_us=1786272224747634 iface_us=6 shaderc_us=127504 tint_us=5091 nstages=2 spirv_words=5659 cache=miss
+12.423s BW_SHADER_TIMING name=overlay_outline_detect entry_us=1786272224750654 exit_us=1786272224892699 iface_us=0 shaderc_us=130076 tint_us=11899 nstages=2 spirv_words=11917 cache=miss
+12.567s BW_SHADER_TIMING name=overlay_outline_prepass_curves entry_us=1786272224895790 exit_us=1786272225036819 iface_us=0 shaderc_us=131910 tint_us=9036 nstages=2 spirv_words=10371 cache=miss
+12.726s BW_SHADER_TIMING name=overlay_outline_prepass_gpencil entry_us=1786272225040880 exit_us=1786272225194949 iface_us=4 shaderc_us=132814 tint_us=21167 nstages=2 spirv_words=21485 cache=miss
+12.861s BW_SHADER_TIMING name=overlay_outline_prepass_mesh entry_us=1786272225197995 exit_us=1786272225330599 iface_us=0 shaderc_us=127321 tint_us=5215 nstages=2 spirv_words=6347 cache=miss
+13.000s BW_SHADER_TIMING name=overlay_outline_prepass_pointcloud entry_us=1786272225333515 exit_us=1786272225469170 iface_us=0 shaderc_us=128717 tint_us=6876 nstages=2 spirv_words=8018 cache=miss
+13.137s BW_SHADER_TIMING name=overlay_outline_prepass_wire entry_us=1786272225472000 exit_us=1786272225607150 iface_us=0 shaderc_us=127596 tint_us=7495 nstages=2 spirv_words=8893 cache=miss
+13.273s BW_SHADER_TIMING name=overlay_paint_weight_fake_shading entry_us=1786272225609359 exit_us=1786272225743105 iface_us=5 shaderc_us=127120 tint_us=6566 nstages=2 spirv_words=7060 cache=miss
+13.412s BW_SHADER_TIMING name=overlay_particle_dot entry_us=1786272225746155 exit_us=1786272225881864 iface_us=0 shaderc_us=130040 tint_us=5594 nstages=2 spirv_words=5808 cache=miss
+13.549s BW_SHADER_TIMING name=overlay_edit_particle_strand entry_us=1786272225884480 exit_us=1786272226018330 iface_us=4 shaderc_us=128871 tint_us=4910 nstages=2 spirv_words=5534 cache=miss
+13.684s BW_SHADER_TIMING name=overlay_edit_particle_point entry_us=1786272226021380 exit_us=1786272226153064 iface_us=4 shaderc_us=125435 tint_us=6191 nstages=2 spirv_words=6136 cache=miss
+13.821s BW_SHADER_TIMING name=overlay_particle_hair entry_us=1786272226156195 exit_us=1786272226290959 iface_us=4 shaderc_us=126760 tint_us=7930 nstages=2 spirv_words=8598 cache=miss
+13.960s BW_SHADER_TIMING name=overlay_particle_shape entry_us=1786272226293910 exit_us=1786272226429660 iface_us=4 shaderc_us=128910 tint_us=6741 nstages=2 spirv_words=6980 cache=miss
+14.096s BW_SHADER_TIMING name=overlay_edit_pointcloud entry_us=1786272226432560 exit_us=1786272226565499 iface_us=4 shaderc_us=128328 tint_us=4545 nstages=2 spirv_words=5486 cache=miss
+14.229s BW_SHADER_TIMING name=overlay_uniform_color entry_us=1786272226568285 exit_us=1786272226698505 iface_us=5 shaderc_us=126189 tint_us=3976 nstages=2 spirv_words=4997 cache=miss
+14.367s BW_SHADER_TIMING name=overlay_wireframe_curve entry_us=1786272226701554 exit_us=1786272226836775 iface_us=0 shaderc_us=127404 tint_us=7750 nstages=2 spirv_words=8315 cache=miss
+14.509s BW_SHADER_TIMING name=overlay_wireframe entry_us=1786272226839950 exit_us=1786272226978579 iface_us=0 shaderc_us=128281 tint_us=10270 nstages=2 spirv_words=10413 cache=miss
+14.646s BW_SHADER_TIMING name=overlay_wireframe_points entry_us=1786272226981720 exit_us=1786272227115790 iface_us=0 shaderc_us=126646 tint_us=7345 nstages=2 spirv_words=7965 cache=miss
+14.782s BW_SHADER_TIMING name=workbench_resolve_opaque_studio_no_cavity_no_curvature_no_shado entry_us=1786272227119025 exit_us=1786272227251170 iface_us=5 shaderc_us=124712 tint_us=7373 nstages=2 spirv_words=6406 cache=miss
+14.910s BW_SHADER_TIMING name=workbench_transparent_resolve entry_us=1786272227252385 exit_us=1786272227379814 iface_us=5 shaderc_us=125260 tint_us=2130 nstages=2 spirv_words=1018 cache=miss
+15.040s BW_SHADER_TIMING name=workbench_merge_depth entry_us=1786272227380880 exit_us=1786272227509755 iface_us=0 shaderc_us=126811 tint_us=2030 nstages=2 spirv_words=845 cache=miss
+15.169s BW_SHADER_TIMING name=workbench_effect_outline entry_us=1786272227510850 exit_us=1786272227639000 iface_us=4 shaderc_us=125309 tint_us=2811 nstages=2 spirv_words=1807 cache=miss
+15.297s BW_SHADER_TIMING name=workbench_overlay_depth entry_us=1786272227640025 exit_us=1786272227766720 iface_us=0 shaderc_us=124970 tint_us=1709 nstages=2 spirv_words=667 cache=miss
+15.426s BW_SHADER_TIMING name=workbench_taa entry_us=1786272227767739 exit_us=1786272227896265 iface_us=0 shaderc_us=124270 tint_us=4229 nstages=2 spirv_words=2766 cache=miss
+15.557s BW_SHADER_TIMING name=workbench_smaa_stage_0 entry_us=1786272227898410 exit_us=1786272228026234 iface_us=0 shaderc_us=124215 tint_us=3576 nstages=2 spirv_words=2153 cache=miss
+15.696s BW_SHADER_TIMING name=workbench_smaa_stage_1 entry_us=1786272228028660 exit_us=1786272228165280 iface_us=0 shaderc_us=125114 tint_us=11461 nstages=2 spirv_words=8766 cache=miss
+15.826s BW_SHADER_TIMING name=workbench_smaa_stage_2 entry_us=1786272228167490 exit_us=1786272228295604 iface_us=10 shaderc_us=123760 tint_us=4324 nstages=2 spirv_words=2539 cache=miss
+15.958s BW_SHADER_TIMING name=gpu_shader_3D_polyline_flat_color entry_us=1786272228297135 exit_us=1786272228427900 iface_us=5 shaderc_us=124115 tint_us=6610 nstages=2 spirv_words=5791 cache=miss
+16.097s BW_SHADER_TIMING name=overlay_wireframe_points_with_radius entry_us=1786272228431954 exit_us=1786272228566214 iface_us=6 shaderc_us=126791 tint_us=7396 nstages=2 spirv_words=8219 cache=miss
+16.234s BW_SHADER_TIMING name=workbench_prepass_mesh_opaque_studio_material_no_clip entry_us=1786272228571174 exit_us=1786272228703905 iface_us=4 shaderc_us=126791 tint_us=5877 nstages=2 spirv_words=4964 cache=miss
+16.315s BW_SHADER_TIMING name=draw_resource_finalize entry_us=1786272228714970 exit_us=1786272228784855 iface_us=0 shaderc_us=66209 tint_us=3645 nstages=1 spirv_words=3316 cache=miss
+16.393s BW_SHADER_TIMING name=draw_visibility_compute entry_us=1786272228788505 exit_us=1786272228863190 iface_us=0 shaderc_us=69141 tint_us=5509 nstages=1 spirv_words=4348 cache=miss
+16.465s BW_SHADER_TIMING name=draw_command_generate entry_us=1786272228864250 exit_us=1786272228934429 iface_us=0 shaderc_us=64834 tint_us=5321 nstages=1 spirv_words=4691 cache=miss
+16.614s BW_SHADER_TIMING name=OCIO_Display entry_us=1786272228950970 exit_us=1786272229083304 iface_us=4 shaderc_us=127945 tint_us=4345 nstages=2 spirv_words=3027 cache=miss
+16.615s WGPUWeb: presentBackbuffer frame 1 — surface 1600x900 -> canvas (offscreen blit)