+0.212s Failed to load resource: the server responded with a status of 404 (File not found)
+1.155s /Users/paws/blender-web/build-deps/openimageio/OpenImageIO-3.1.13.1/src/libutil/sysutil.cpp:214: physical_memory: Assertion '0 && "Need to implement Sysutil::physical_memory on this platform"' failed.
+1.166s [bw] WM-worker WebGPU device pre-acquired (ADR-007); features=22
+1.579s [bw] M7 store: OPFS mounted at /projects (+/.recovery) - PERSISTENT rc=0 in 107.4 ms
+2.443s BW_SHADER_TIMING name=gpu_shader_text entry_us=1786271253415265 exit_us=1786271253975514 iface_us=140 shaderc_us=395140 tint_us=164810 nstages=2 spirv_words=6106
+2.957s BW_SHADER_TIMING name=gpu_shader_2D_widget_base entry_us=1786271253985494 exit_us=1786271254494249 iface_us=0 shaderc_us=301580 tint_us=207139 nstages=2 spirv_words=8396
+3.219s BW_SHADER_TIMING name=gpu_shader_3D_uniform_color entry_us=1786271254496310 exit_us=1786271254756310 iface_us=6 shaderc_us=254420 tint_us=5539 nstages=2 spirv_words=1242
+3.511s BW_SHADER_TIMING name=gpu_shader_3D_polyline_uniform_color entry_us=1786271254759209 exit_us=1786271255047749 iface_us=5 shaderc_us=263255 tint_us=25245 nstages=2 spirv_words=5170
+3.794s BW_SHADER_TIMING name=gpu_shader_3D_image_color entry_us=1786271255050255 exit_us=1786271255329155 iface_us=10 shaderc_us=272690 tint_us=6161 nstages=2 spirv_words=1457
+4.102s BW_SHADER_TIMING name=gpu_shader_2D_node_socket entry_us=1786271255332784 exit_us=1786271255639415 iface_us=0 shaderc_us=292889 tint_us=13711 nstages=2 spirv_words=3646
+4.413s BW_SHADER_TIMING name=gpu_shader_2D_widget_base_inst entry_us=1786271255644934 exit_us=1786271255950459 iface_us=4 shaderc_us=281374 tint_us=24109 nstages=2 spirv_words=8564
+4.729s BW_SHADER_TIMING name=gpu_shader_3D_line_dashed_uniform_color entry_us=1786271255954259 exit_us=1786271256259565 iface_us=4 shaderc_us=299312 tint_us=5956 nstages=2 spirv_words=1442
+5.043s BW_SHADER_TIMING name=gpu_shader_2D_image_desaturate_color entry_us=1786271256262654 exit_us=1786271256574334 iface_us=10 shaderc_us=304650 tint_us=6977 nstages=2 spirv_words=1256
+5.377s BW_SHADER_TIMING name=gpu_shader_3D_polyline_smooth_color entry_us=1786271256580960 exit_us=1786271256913904 iface_us=1041 shaderc_us=317736 tint_us=14135 nstages=2 spirv_words=5791
+5.671s BW_SHADER_TIMING name=gpu_shader_2D_widget_shadow entry_us=1786271256916529 exit_us=1786271257206615 iface_us=0 shaderc_us=281718 tint_us=8331 nstages=2 spirv_words=2434
+5.951s BW_SHADER_TIMING name=gpu_shader_2D_diag_stripes entry_us=1786271257208549 exit_us=1786271257485795 iface_us=5 shaderc_us=273009 tint_us=4190 nstages=2 spirv_words=1110
+6.211s BW_SHADER_TIMING name=gpu_shader_2D_image_rect_color entry_us=1786271257487920 exit_us=1786271257748784 iface_us=0 shaderc_us=254946 tint_us=5870 nstages=2 spirv_words=1747
+6.479s BW_SHADER_TIMING name=gpu_shader_2D_area_borders entry_us=1786271257750429 exit_us=1786271258011934 iface_us=0 shaderc_us=256444 tint_us=5015 nstages=2 spirv_words=1637
+6.482s WGPUWeb: presentBackbuffer frame 0 — surface 1600x900 -> canvas (offscreen blit)
+6.491s Unable to find the Python binary, the multiprocessing module may not be functional!
+9.827s BW_SHADER_TIMING name=overlay_antialiasing_pipeline entry_us=1786271261130040 exit_us=1786271261362269 iface_us=4 shaderc_us=219659 tint_us=12526 nstages=2 spirv_words=6948
+10.051s BW_SHADER_TIMING name=overlay_armature_dof entry_us=1786271261367269 exit_us=1786271261588219 iface_us=5 shaderc_us=212180 tint_us=8736 nstages=2 spirv_words=5547
+10.281s BW_SHADER_TIMING name=overlay_armature_envelope_solid entry_us=1786271261592890 exit_us=1786271261818380 iface_us=6 shaderc_us=216480 tint_us=8973 nstages=2 spirv_words=5879
+10.506s BW_SHADER_TIMING name=overlay_armature_envelope_outline entry_us=1786271261823144 exit_us=1786271262042469 iface_us=4 shaderc_us=206205 tint_us=13079 nstages=2 spirv_words=7931
+10.710s BW_SHADER_TIMING name=overlay_armature_shape_solid entry_us=1786271262047180 exit_us=1786271262248185 iface_us=0 shaderc_us=192060 tint_us=8914 nstages=2 spirv_words=5732
+10.927s BW_SHADER_TIMING name=overlay_armature_shape_outline entry_us=1786271262252760 exit_us=1786271262464645 iface_us=10 shaderc_us=197404 tint_us=14440 nstages=2 spirv_words=9712
+11.127s BW_SHADER_TIMING name=overlay_armature_shape_wire_strip entry_us=1786271262469165 exit_us=1786271262664375 iface_us=4 shaderc_us=182546 tint_us=12636 nstages=2 spirv_words=9497
+11.321s BW_SHADER_TIMING name=overlay_armature_shape_wire entry_us=1786271262668529 exit_us=1786271262859180 iface_us=6 shaderc_us=177925 tint_us=12701 nstages=2 spirv_words=9329
+11.524s BW_SHADER_TIMING name=overlay_armature_sphere_solid entry_us=1786271262863109 exit_us=1786271263059604 iface_us=4 shaderc_us=184630 tint_us=11824 nstages=2 spirv_words=7810
+11.729s BW_SHADER_TIMING name=overlay_armature_sphere_outline entry_us=1786271263063755 exit_us=1786271263265289 iface_us=4 shaderc_us=191266 tint_us=10235 nstages=2 spirv_words=6665
+11.934s BW_SHADER_TIMING name=overlay_armature_stick entry_us=1786271263269724 exit_us=1786271263472019 iface_us=4 shaderc_us=192752 tint_us=9517 nstages=2 spirv_words=7021
+12.141s BW_SHADER_TIMING name=overlay_armature_wire entry_us=1786271263476290 exit_us=1786271263679049 iface_us=4 shaderc_us=195220 tint_us=7500 nstages=2 spirv_words=5714
+12.335s BW_SHADER_TIMING name=overlay_viewer_attribute_curve entry_us=1786271263682244 exit_us=1786271263872484 iface_us=6 shaderc_us=184066 tint_us=6126 nstages=2 spirv_words=4975
+12.526s BW_SHADER_TIMING name=overlay_viewer_attribute_curves entry_us=1786271263876049 exit_us=1786271264063970 iface_us=6 shaderc_us=175575 tint_us=12314 nstages=2 spirv_words=9106
+12.709s BW_SHADER_TIMING name=overlay_viewer_attribute_mesh entry_us=1786271264067409 exit_us=1786271264246635 iface_us=4 shaderc_us=173311 tint_us=5879 nstages=2 spirv_words=4975
+12.890s BW_SHADER_TIMING name=overlay_viewer_attribute_pointcloud entry_us=1786271264250844 exit_us=1786271264428019 iface_us=0 shaderc_us=168435 tint_us=8708 nstages=2 spirv_words=7302
+13.062s BW_SHADER_TIMING name=overlay_background entry_us=1786271264430899 exit_us=1786271264598769 iface_us=4 shaderc_us=160710 tint_us=7131 nstages=2 spirv_words=5713
+13.247s BW_SHADER_TIMING name=overlay_edit_curves_handle entry_us=1786271264602474 exit_us=1786271264784855 iface_us=10 shaderc_us=170050 tint_us=12295 nstages=2 spirv_words=10179
+13.415s BW_SHADER_TIMING name=overlay_edit_particle_strand entry_us=1786271264788395 exit_us=1786271264953135 iface_us=0 shaderc_us=158660 tint_us=6056 nstages=2 spirv_words=5534
+13.585s BW_SHADER_TIMING name=overlay_edit_curves_point entry_us=1786271264956529 exit_us=1786271265122359 iface_us=4 shaderc_us=157835 tint_us=7969 nstages=2 spirv_words=6894
+13.766s BW_SHADER_TIMING name=overlay_depth_curves entry_us=1786271265126214 exit_us=1786271265303744 iface_us=4 shaderc_us=167565 tint_us=9934 nstages=2 spirv_words=8849
+13.967s BW_SHADER_TIMING name=overlay_depth_gpencil entry_us=1786271265309104 exit_us=1786271265505200 iface_us=0 shaderc_us=167961 tint_us=28104 nstages=2 spirv_words=21053
+14.145s BW_SHADER_TIMING name=overlay_depth_mesh entry_us=1786271265508969 exit_us=1786271265682210 iface_us=0 shaderc_us=168066 tint_us=5140 nstages=2 spirv_words=4907
+14.331s BW_SHADER_TIMING name=overlay_depth_pointcloud entry_us=1786271265686349 exit_us=1786271265868685 iface_us=5 shaderc_us=174049 tint_us=8261 nstages=2 spirv_words=7129
+14.518s BW_SHADER_TIMING name=overlay_extra_grid entry_us=1786271265872599 exit_us=1786271266056154 iface_us=5 shaderc_us=176781 tint_us=6740 nstages=2 spirv_words=5881
+14.711s BW_SHADER_TIMING name=overlay_extra_groundline entry_us=1786271266060065 exit_us=1786271266249019 iface_us=0 shaderc_us=181640 tint_us=7290 nstages=2 spirv_words=5655
+14.914s BW_SHADER_TIMING name=overlay_extra_loose_point entry_us=1786271266253025 exit_us=1786271266451049 iface_us=6 shaderc_us=191210 tint_us=6775 nstages=2 spirv_words=5456
+15.119s BW_SHADER_TIMING name=overlay_extra_point entry_us=1786271266455234 exit_us=1786271266656529 iface_us=0 shaderc_us=194221 tint_us=7035 nstages=2 spirv_words=5766
+15.341s BW_SHADER_TIMING name=overlay_extra entry_us=1786271266660809 exit_us=1786271266878759 iface_us=4 shaderc_us=203390 tint_us=14514 nstages=2 spirv_words=9233
+15.559s BW_SHADER_TIMING name=overlay_extra_wire_object entry_us=1786271266883379 exit_us=1786271267096460 iface_us=0 shaderc_us=205221 tint_us=7823 nstages=2 spirv_words=5761
+15.767s BW_SHADER_TIMING name=overlay_extra_wire entry_us=1786271267100695 exit_us=1786271267304375 iface_us=4 shaderc_us=195659 tint_us=7985 nstages=2 spirv_words=6066
+15.974s BW_SHADER_TIMING name=overlay_volume_gridlines_flags entry_us=1786271267308930 exit_us=1786271267511899 iface_us=4 shaderc_us=195755 tint_us=7170 nstages=2 spirv_words=3681
+16.172s BW_SHADER_TIMING name=overlay_volume_gridlines_flat entry_us=1786271267515229 exit_us=1786271267709675 iface_us=5 shaderc_us=188990 tint_us=5435 nstages=2 spirv_words=2880
+16.371s BW_SHADER_TIMING name=overlay_volume_gridlines_range entry_us=1786271267713189 exit_us=1786271267908414 iface_us=10 shaderc_us=188816 tint_us=6349 nstages=2 spirv_words=3381
+16.572s BW_SHADER_TIMING name=overlay_volume_velocity_mac entry_us=1786271267911770 exit_us=1786271268109599 iface_us=6 shaderc_us=189883 tint_us=7909 nstages=2 spirv_words=4208
+16.775s BW_SHADER_TIMING name=overlay_volume_velocity_needle entry_us=1786271268113220 exit_us=1786271268312940 iface_us=10 shaderc_us=191010 tint_us=8673 nstages=2 spirv_words=4451
+16.992s BW_SHADER_TIMING name=overlay_volume_velocity_streamline entry_us=1786271268316345 exit_us=1786271268528264 iface_us=10 shaderc_us=203085 tint_us=8801 nstages=2 spirv_words=4355
+17.244s BW_SHADER_TIMING name=overlay_grid_next entry_us=1786271268532069 exit_us=1786271268781724 iface_us=0 shaderc_us=227919 tint_us=21695 nstages=2 spirv_words=11604
+17.491s BW_SHADER_TIMING name=overlay_image_depth_bias entry_us=1786271268787529 exit_us=1786271269027895 iface_us=4 shaderc_us=229119 tint_us=11195 nstages=2 spirv_words=5954
+17.723s BW_SHADER_TIMING name=overlay_edit_lattice_point entry_us=1786271269033050 exit_us=1786271269260199 iface_us=6 shaderc_us=219319 tint_us=7786 nstages=2 spirv_words=5310
+17.949s BW_SHADER_TIMING name=overlay_edit_lattice_wire entry_us=1786271269264314 exit_us=1786271269485835 iface_us=11 shaderc_us=214675 tint_us=6821 nstages=2 spirv_words=5183
+18.197s BW_SHADER_TIMING name=overlay_edit_curve_handle entry_us=1786271269491014 exit_us=1786271269734214 iface_us=0 shaderc_us=226854 tint_us=16310 nstages=2 spirv_words=9544
+18.421s BW_SHADER_TIMING name=overlay_edit_curve_point entry_us=1786271269739000 exit_us=1786271269958464 iface_us=6 shaderc_us=211275 tint_us=8150 nstages=2 spirv_words=5790
+18.643s BW_SHADER_TIMING name=overlay_edit_curve_wire entry_us=1786271269962749 exit_us=1786271270180760 iface_us=10 shaderc_us=210134 tint_us=7814 nstages=2 spirv_words=5754
+18.868s BW_SHADER_TIMING name=overlay_extra_spot_cone entry_us=1786271270185544 exit_us=1786271270405659 iface_us=10 shaderc_us=206406 tint_us=13685 nstages=2 spirv_words=8865
+19.087s BW_SHADER_TIMING name=overlay_edit_mesh_analysis entry_us=1786271270410040 exit_us=1786271270624329 iface_us=6 shaderc_us=207000 tint_us=7260 nstages=2 spirv_words=5252
+19.293s BW_SHADER_TIMING name=overlay_edit_mesh_depth entry_us=1786271270629125 exit_us=1786271270830994 iface_us=0 shaderc_us=195200 tint_us=6645 nstages=2 spirv_words=5436
+19.526s BW_SHADER_TIMING name=overlay_edit_mesh_edge entry_us=1786271270835984 exit_us=1786271271063549 iface_us=4 shaderc_us=208546 tint_us=18995 nstages=2 spirv_words=13988
+19.728s BW_SHADER_TIMING name=overlay_edit_mesh_face entry_us=1786271271067729 exit_us=1786271271265499 iface_us=5 shaderc_us=189161 tint_us=8584 nstages=2 spirv_words=6621
+19.935s BW_SHADER_TIMING name=overlay_edit_mesh_facedot entry_us=1786271271270054 exit_us=1786271271472424 iface_us=0 shaderc_us=192475 tint_us=9869 nstages=2 spirv_words=7469
+20.134s BW_SHADER_TIMING name=overlay_edit_mesh_skin_root entry_us=1786271271476454 exit_us=1786271271671349 iface_us=4 shaderc_us=187421 tint_us=7441 nstages=2 spirv_words=5982
+20.324s BW_SHADER_TIMING name=overlay_edit_mesh_vert entry_us=1786271271675525 exit_us=1786271271861684 iface_us=4 shaderc_us=176211 tint_us=9914 nstages=2 spirv_words=7643
+20.515s BW_SHADER_TIMING name=overlay_motion_path_line entry_us=1786271271865859 exit_us=1786271272052365 iface_us=5 shaderc_us=176490 tint_us=9989 nstages=2 spirv_words=8452
+20.706s BW_SHADER_TIMING name=overlay_motion_path_point entry_us=1786271272056029 exit_us=1786271272242964 iface_us=0 shaderc_us=180169 tint_us=6745 nstages=2 spirv_words=5659
+20.908s BW_SHADER_TIMING name=overlay_outline_detect entry_us=1786271272247184 exit_us=1786271272446194 iface_us=4 shaderc_us=182301 tint_us=16681 nstages=2 spirv_words=11917
+21.102s BW_SHADER_TIMING name=overlay_outline_prepass_curves entry_us=1786271272450129 exit_us=1786271272639474 iface_us=6 shaderc_us=177429 tint_us=11894 nstages=2 spirv_words=10371
+21.308s BW_SHADER_TIMING name=overlay_outline_prepass_gpencil entry_us=1786271272644669 exit_us=1786271272846034 iface_us=4 shaderc_us=173501 tint_us=27840 nstages=2 spirv_words=21485
+21.489s BW_SHADER_TIMING name=overlay_outline_prepass_mesh entry_us=1786271272849679 exit_us=1786271273026885 iface_us=0 shaderc_us=170483 tint_us=6685 nstages=2 spirv_words=6347
+21.682s BW_SHADER_TIMING name=overlay_outline_prepass_pointcloud entry_us=1786271273030804 exit_us=1786271273219990 iface_us=0 shaderc_us=179655 tint_us=9495 nstages=2 spirv_words=8018
+21.868s BW_SHADER_TIMING name=overlay_outline_prepass_wire entry_us=1786271273223714 exit_us=1786271273405700 iface_us=0 shaderc_us=172076 tint_us=9882 nstages=2 spirv_words=8893
+22.056s BW_SHADER_TIMING name=overlay_paint_weight_fake_shading entry_us=1786271273408695 exit_us=1786271273592535 iface_us=0 shaderc_us=175249 tint_us=8575 nstages=2 spirv_words=7060
+22.242s BW_SHADER_TIMING name=overlay_particle_dot entry_us=1786271273596480 exit_us=1786271273779275 iface_us=10 shaderc_us=175530 tint_us=7241 nstages=2 spirv_words=5808
+22.428s BW_SHADER_TIMING name=overlay_edit_particle_strand entry_us=1786271273782834 exit_us=1786271273965720 iface_us=10 shaderc_us=176345 tint_us=6509 nstages=2 spirv_words=5534
+22.616s BW_SHADER_TIMING name=overlay_edit_particle_point entry_us=1786271273969570 exit_us=1786271274154234 iface_us=4 shaderc_us=177286 tint_us=7350 nstages=2 spirv_words=6136
+22.800s BW_SHADER_TIMING name=overlay_particle_hair entry_us=1786271274158145 exit_us=1786271274338160 iface_us=4 shaderc_us=170321 tint_us=9675 nstages=2 spirv_words=8598
+22.990s BW_SHADER_TIMING name=overlay_particle_shape entry_us=1786271274341805 exit_us=1786271274524434 iface_us=10 shaderc_us=174515 tint_us=8091 nstages=2 spirv_words=6980
+23.169s BW_SHADER_TIMING name=overlay_edit_pointcloud entry_us=1786271274528015 exit_us=1786271274706060 iface_us=0 shaderc_us=171950 tint_us=6071 nstages=2 spirv_words=5486
+23.362s BW_SHADER_TIMING name=overlay_uniform_color entry_us=1786271274709704 exit_us=1786271274898945 iface_us=6 shaderc_us=183775 tint_us=5446 nstages=2 spirv_words=4997
+23.565s BW_SHADER_TIMING name=overlay_wireframe_curve entry_us=1786271274902954 exit_us=1786271275102214 iface_us=4 shaderc_us=188980 tint_us=10240 nstages=2 spirv_words=8315
+23.784s BW_SHADER_TIMING name=overlay_wireframe entry_us=1786271275106680 exit_us=1786271275321159 iface_us=4 shaderc_us=200035 tint_us=14414 nstages=2 spirv_words=10413
+24.012s BW_SHADER_TIMING name=overlay_wireframe_points entry_us=1786271275327994 exit_us=1786271275549325 iface_us=10 shaderc_us=210586 tint_us=10709 nstages=2 spirv_words=7965
+24.243s BW_SHADER_TIMING name=workbench_resolve_opaque_studio_no_cavity_no_curvature_no_shado entry_us=1786271275554540 exit_us=1786271275780009 iface_us=10 shaderc_us=213376 tint_us=12061 nstages=2 spirv_words=6406
+24.459s BW_SHADER_TIMING name=workbench_transparent_resolve entry_us=1786271275781659 exit_us=1786271275996744 iface_us=0 shaderc_us=211291 tint_us=3785 nstages=2 spirv_words=1018
+24.689s BW_SHADER_TIMING name=workbench_merge_depth entry_us=1786271275998135 exit_us=1786271276225904 iface_us=4 shaderc_us=224941 tint_us=2812 nstages=2 spirv_words=845
+24.893s BW_SHADER_TIMING name=workbench_effect_outline entry_us=1786271276227619 exit_us=1786271276430795 iface_us=5 shaderc_us=198766 tint_us=4385 nstages=2 spirv_words=1807
+25.088s BW_SHADER_TIMING name=workbench_overlay_depth entry_us=1786271276432195 exit_us=1786271276625270 iface_us=0 shaderc_us=190923 tint_us=2128 nstages=2 spirv_words=667
+25.305s BW_SHADER_TIMING name=workbench_taa entry_us=1786271276626804 exit_us=1786271276841964 iface_us=0 shaderc_us=208926 tint_us=6209 nstages=2 spirv_words=2766
+25.511s BW_SHADER_TIMING name=workbench_smaa_stage_0 entry_us=1786271276845859 exit_us=1786271277048094 iface_us=5 shaderc_us=197059 tint_us=5154 nstages=2 spirv_words=2153
+25.725s BW_SHADER_TIMING name=workbench_smaa_stage_1 entry_us=1786271277051170 exit_us=1786271277262249 iface_us=4 shaderc_us=194009 tint_us=17049 nstages=2 spirv_words=8766
+25.917s BW_SHADER_TIMING name=workbench_smaa_stage_2 entry_us=1786271277265655 exit_us=1786271277454514 iface_us=4 shaderc_us=183096 tint_us=5746 nstages=2 spirv_words=2539
+26.115s BW_SHADER_TIMING name=gpu_shader_3D_polyline_flat_color entry_us=1786271277456719 exit_us=1786271277652559 iface_us=0 shaderc_us=186725 tint_us=9090 nstages=2 spirv_words=5791
+26.317s BW_SHADER_TIMING name=overlay_wireframe_points_with_radius entry_us=1786271277658415 exit_us=1786271277854530 iface_us=10 shaderc_us=185859 tint_us=10219 nstages=2 spirv_words=8219
+26.516s BW_SHADER_TIMING name=workbench_prepass_mesh_opaque_studio_material_no_clip entry_us=1786271277861639 exit_us=1786271278052385 iface_us=4 shaderc_us=182460 tint_us=8245 nstages=2 spirv_words=4964
+26.631s BW_SHADER_TIMING name=draw_resource_finalize entry_us=1786271278067865 exit_us=1786271278168019 iface_us=4 shaderc_us=94831 tint_us=5311 nstages=1 spirv_words=3316
+26.745s BW_SHADER_TIMING name=draw_visibility_compute entry_us=1786271278173094 exit_us=1786271278280499 iface_us=5 shaderc_us=99255 tint_us=8124 nstages=1 spirv_words=4348
+26.845s BW_SHADER_TIMING name=draw_command_generate entry_us=1786271278282220 exit_us=1786271278382394 iface_us=4 shaderc_us=92284 tint_us=7860 nstages=1 spirv_words=4691
+27.063s BW_SHADER_TIMING name=OCIO_Display entry_us=1786271278405775 exit_us=1786271278600584 iface_us=6 shaderc_us=188144 tint_us=6627 nstages=2 spirv_words=3027
+27.066s WGPUWeb: presentBackbuffer frame 1 — surface 1600x900 -> canvas (offscreen blit)