ninja: Entering directory `build-wasm-windowed-opt'
[1/20] Building CXX object source/blender/gpu/CMakeFiles/bf_gpu.dir/webgpu/wgpu_texture_format.cc.o
[2/20] Building CXX object intern/ghost/CMakeFiles/bf_intern_ghost.dir/intern/GHOST_ContextWGPU.cc.o
[3/20] Building CXX object source/blender/gpu/CMakeFiles/bf_gpu.dir/webgpu/wgpu_data_conversion.cc.o
[4/20] Building CXX object source/blender/gpu/CMakeFiles/bf_gpu.dir/webgpu/wgpu_shader_interface_map.cc.o
[5/20] Linking CXX static library lib/libbf_intern_ghost.a
[6/20] Building CXX object source/blender/gpu/CMakeFiles/bf_gpu.dir/webgpu/wgpu_storage_buffer.cc.o
In file included from /Users/paws/blender-web/upstream/source/blender/gpu/webgpu/wgpu_storage_buffer.cc:12:
In file included from /Users/paws/blender-web/upstream/source/blender/gpu/webgpu/wgpu_storage_buffer.hh:24:
In file included from /Users/paws/blender-web/upstream/source/blender/gpu/GPU_vertex_buffer.hh:16:
In file included from /Users/paws/blender-web/upstream/source/blender/blenlib/BLI_virtual_array.hh:34:
In file included from /Users/paws/blender-web/upstream/source/blender/blenlib/BLI_index_mask.hh:24:
In file included from /Users/paws/blender-web/upstream/source/blender/blenlib/BLI_unique_sorted_indices.hh:29:
/Users/paws/blender-web/upstream/source/blender/blenlib/BLI_binary_search.hh:21:16: warning: unused function template 'first_if' [-Wunused-template]
   21 | static int64_t first_if(Iterator begin, Iterator end, Predicate &&predicate)
      |                ^~~~~~~~
1 warning generated.
[7/20] Building CXX object source/blender/gpu/CMakeFiles/bf_gpu.dir/webgpu/wgpu_index_buffer.cc.o
In file included from /Users/paws/blender-web/upstream/source/blender/gpu/webgpu/wgpu_index_buffer.cc:15:
In file included from /Users/paws/blender-web/upstream/source/blender/gpu/intern/gpu_context_private.hh:15:
In file included from /Users/paws/blender-web/upstream/source/blender/gpu/GPU_batch.hh:26:
In file included from /Users/paws/blender-web/upstream/source/blender/gpu/GPU_storage_buffer.hh:18:
In file included from /Users/paws/blender-web/upstream/source/blender/gpu/GPU_vertex_buffer.hh:16:
In file included from /Users/paws/blender-web/upstream/source/blender/blenlib/BLI_virtual_array.hh:34:
In file included from /Users/paws/blender-web/upstream/source/blender/blenlib/BLI_index_mask.hh:24:
In file included from /Users/paws/blender-web/upstream/source/blender/blenlib/BLI_unique_sorted_indices.hh:29:
/Users/paws/blender-web/upstream/source/blender/blenlib/BLI_binary_search.hh:21:16: warning: unused function template 'first_if' [-Wunused-template]
   21 | static int64_t first_if(Iterator begin, Iterator end, Predicate &&predicate)
      |                ^~~~~~~~
1 warning generated.
[8/20] Building CXX object source/blender/gpu/CMakeFiles/bf_gpu.dir/webgpu/wgpu_uniform_buffer.cc.o
In file included from /Users/paws/blender-web/upstream/source/blender/gpu/webgpu/wgpu_uniform_buffer.cc:15:
In file included from /Users/paws/blender-web/upstream/source/blender/gpu/intern/gpu_context_private.hh:15:
In file included from /Users/paws/blender-web/upstream/source/blender/gpu/GPU_batch.hh:26:
In file included from /Users/paws/blender-web/upstream/source/blender/gpu/GPU_storage_buffer.hh:18:
In file included from /Users/paws/blender-web/upstream/source/blender/gpu/GPU_vertex_buffer.hh:16:
In file included from /Users/paws/blender-web/upstream/source/blender/blenlib/BLI_virtual_array.hh:34:
In file included from /Users/paws/blender-web/upstream/source/blender/blenlib/BLI_index_mask.hh:24:
In file included from /Users/paws/blender-web/upstream/source/blender/blenlib/BLI_unique_sorted_indices.hh:29:
/Users/paws/blender-web/upstream/source/blender/blenlib/BLI_binary_search.hh:21:16: warning: unused function template 'first_if' [-Wunused-template]
   21 | static int64_t first_if(Iterator begin, Iterator end, Predicate &&predicate)
      |                ^~~~~~~~
1 warning generated.
[9/20] Building CXX object source/blender/gpu/CMakeFiles/bf_gpu.dir/webgpu/wgpu_backend.cc.o
In file included from /Users/paws/blender-web/upstream/source/blender/gpu/webgpu/wgpu_backend.cc:12:
In file included from /Users/paws/blender-web/upstream/source/blender/gpu/webgpu/wgpu_backend.hh:22:
In file included from /Users/paws/blender-web/upstream/source/blender/gpu/intern/gpu_backend.hh:19:
In file included from /Users/paws/blender-web/upstream/source/blender/gpu/GPU_vertex_buffer.hh:16:
In file included from /Users/paws/blender-web/upstream/source/blender/blenlib/BLI_virtual_array.hh:34:
In file included from /Users/paws/blender-web/upstream/source/blender/blenlib/BLI_index_mask.hh:24:
In file included from /Users/paws/blender-web/upstream/source/blender/blenlib/BLI_unique_sorted_indices.hh:29:
/Users/paws/blender-web/upstream/source/blender/blenlib/BLI_binary_search.hh:21:16: warning: unused function template 'first_if' [-Wunused-template]
   21 | static int64_t first_if(Iterator begin, Iterator end, Predicate &&predicate)
      |                ^~~~~~~~
1 warning generated.
[10/20] Building CXX object source/blender/gpu/CMakeFiles/bf_gpu.dir/webgpu/wgpu_vertex_buffer.cc.o
In file included from /Users/paws/blender-web/upstream/source/blender/gpu/webgpu/wgpu_vertex_buffer.cc:12:
In file included from /Users/paws/blender-web/upstream/source/blender/gpu/webgpu/wgpu_vertex_buffer.hh:21:
In file included from /Users/paws/blender-web/upstream/source/blender/gpu/GPU_vertex_buffer.hh:16:
In file included from /Users/paws/blender-web/upstream/source/blender/blenlib/BLI_virtual_array.hh:34:
In file included from /Users/paws/blender-web/upstream/source/blender/blenlib/BLI_index_mask.hh:24:
In file included from /Users/paws/blender-web/upstream/source/blender/blenlib/BLI_unique_sorted_indices.hh:29:
/Users/paws/blender-web/upstream/source/blender/blenlib/BLI_binary_search.hh:21:16: warning: unused function template 'first_if' [-Wunused-template]
   21 | static int64_t first_if(Iterator begin, Iterator end, Predicate &&predicate)
      |                ^~~~~~~~
1 warning generated.
[11/20] Building CXX object source/blender/gpu/CMakeFiles/bf_gpu.dir/intern/gpu_texture.cc.o
In file included from /Users/paws/blender-web/upstream/source/blender/gpu/intern/gpu_texture.cc:16:
In file included from /Users/paws/blender-web/upstream/source/blender/gpu/intern/gpu_backend.hh:19:
In file included from /Users/paws/blender-web/upstream/source/blender/gpu/GPU_vertex_buffer.hh:16:
In file included from /Users/paws/blender-web/upstream/source/blender/blenlib/BLI_virtual_array.hh:34:
In file included from /Users/paws/blender-web/upstream/source/blender/blenlib/BLI_index_mask.hh:24:
In file included from /Users/paws/blender-web/upstream/source/blender/blenlib/BLI_unique_sorted_indices.hh:29:
/Users/paws/blender-web/upstream/source/blender/blenlib/BLI_binary_search.hh:21:16: warning: unused function template 'first_if' [-Wunused-template]
   21 | static int64_t first_if(Iterator begin, Iterator end, Predicate &&predicate)
      |                ^~~~~~~~
1 warning generated.
[12/20] Building CXX object source/blender/gpu/CMakeFiles/bf_gpu.dir/webgpu/wgpu_context.cc.o
In file included from /Users/paws/blender-web/upstream/source/blender/gpu/webgpu/wgpu_context.cc:12:
In file included from /Users/paws/blender-web/upstream/source/blender/gpu/webgpu/wgpu_context.hh:20:
In file included from /Users/paws/blender-web/upstream/source/blender/gpu/intern/gpu_context_private.hh:15:
In file included from /Users/paws/blender-web/upstream/source/blender/gpu/GPU_batch.hh:26:
In file included from /Users/paws/blender-web/upstream/source/blender/gpu/GPU_storage_buffer.hh:18:
In file included from /Users/paws/blender-web/upstream/source/blender/gpu/GPU_vertex_buffer.hh:16:
In file included from /Users/paws/blender-web/upstream/source/blender/blenlib/BLI_virtual_array.hh:34:
In file included from /Users/paws/blender-web/upstream/source/blender/blenlib/BLI_index_mask.hh:24:
In file included from /Users/paws/blender-web/upstream/source/blender/blenlib/BLI_unique_sorted_indices.hh:29:
/Users/paws/blender-web/upstream/source/blender/blenlib/BLI_binary_search.hh:21:16: warning: unused function template 'first_if' [-Wunused-template]
   21 | static int64_t first_if(Iterator begin, Iterator end, Predicate &&predicate)
      |                ^~~~~~~~
1 warning generated.
[13/20] Building CXX object source/blender/gpu/CMakeFiles/bf_gpu.dir/webgpu/wgpu_batch.cc.o
In file included from /Users/paws/blender-web/upstream/source/blender/gpu/webgpu/wgpu_batch.cc:18:
In file included from /Users/paws/blender-web/upstream/source/blender/gpu/webgpu/wgpu_batch.hh:22:
In file included from /Users/paws/blender-web/upstream/source/blender/gpu/GPU_batch.hh:26:
In file included from /Users/paws/blender-web/upstream/source/blender/gpu/GPU_storage_buffer.hh:18:
In file included from /Users/paws/blender-web/upstream/source/blender/gpu/GPU_vertex_buffer.hh:16:
In file included from /Users/paws/blender-web/upstream/source/blender/blenlib/BLI_virtual_array.hh:34:
In file included from /Users/paws/blender-web/upstream/source/blender/blenlib/BLI_index_mask.hh:24:
In file included from /Users/paws/blender-web/upstream/source/blender/blenlib/BLI_unique_sorted_indices.hh:29:
/Users/paws/blender-web/upstream/source/blender/blenlib/BLI_binary_search.hh:21:16: warning: unused function template 'first_if' [-Wunused-template]
   21 | static int64_t first_if(Iterator begin, Iterator end, Predicate &&predicate)
      |                ^~~~~~~~
1 warning generated.
[14/20] Building CXX object source/blender/gpu/CMakeFiles/bf_gpu.dir/webgpu/wgpu_framebuffer.cc.o
In file included from /Users/paws/blender-web/upstream/source/blender/gpu/webgpu/wgpu_framebuffer.cc:16:
In file included from /Users/paws/blender-web/upstream/source/blender/gpu/webgpu/wgpu_context.hh:20:
In file included from /Users/paws/blender-web/upstream/source/blender/gpu/intern/gpu_context_private.hh:15:
In file included from /Users/paws/blender-web/upstream/source/blender/gpu/GPU_batch.hh:26:
In file included from /Users/paws/blender-web/upstream/source/blender/gpu/GPU_storage_buffer.hh:18:
In file included from /Users/paws/blender-web/upstream/source/blender/gpu/GPU_vertex_buffer.hh:16:
In file included from /Users/paws/blender-web/upstream/source/blender/blenlib/BLI_virtual_array.hh:34:
In file included from /Users/paws/blender-web/upstream/source/blender/blenlib/BLI_index_mask.hh:24:
In file included from /Users/paws/blender-web/upstream/source/blender/blenlib/BLI_unique_sorted_indices.hh:29:
/Users/paws/blender-web/upstream/source/blender/blenlib/BLI_binary_search.hh:21:16: warning: unused function template 'first_if' [-Wunused-template]
   21 | static int64_t first_if(Iterator begin, Iterator end, Predicate &&predicate)
      |                ^~~~~~~~
1 warning generated.
[15/20] Building CXX object source/blender/gpu/CMakeFiles/bf_gpu.dir/webgpu/wgpu_texture.cc.o
In file included from /Users/paws/blender-web/upstream/source/blender/gpu/webgpu/wgpu_texture.cc:21:
In file included from /Users/paws/blender-web/upstream/source/blender/gpu/webgpu/wgpu_texture.hh:22:
In file included from /Users/paws/blender-web/upstream/source/blender/gpu/intern/gpu_texture_private.hh:14:
In file included from /Users/paws/blender-web/upstream/source/blender/gpu/GPU_vertex_buffer.hh:16:
In file included from /Users/paws/blender-web/upstream/source/blender/blenlib/BLI_virtual_array.hh:34:
In file included from /Users/paws/blender-web/upstream/source/blender/blenlib/BLI_index_mask.hh:24:
In file included from /Users/paws/blender-web/upstream/source/blender/blenlib/BLI_unique_sorted_indices.hh:29:
/Users/paws/blender-web/upstream/source/blender/blenlib/BLI_binary_search.hh:21:16: warning: unused function template 'first_if' [-Wunused-template]
   21 | static int64_t first_if(Iterator begin, Iterator end, Predicate &&predicate)
      |                ^~~~~~~~
1 warning generated.
[16/20] Building CXX object source/blender/gpu/CMakeFiles/bf_gpu.dir/webgpu/wgpu_immediate.cc.o
In file included from /Users/paws/blender-web/upstream/source/blender/gpu/webgpu/wgpu_immediate.cc:12:
In file included from /Users/paws/blender-web/upstream/source/blender/gpu/webgpu/wgpu_immediate.hh:19:
In file included from /Users/paws/blender-web/upstream/source/blender/gpu/intern/gpu_immediate_private.hh:15:
In file included from /Users/paws/blender-web/upstream/source/blender/gpu/GPU_batch.hh:26:
In file included from /Users/paws/blender-web/upstream/source/blender/gpu/GPU_storage_buffer.hh:18:
In file included from /Users/paws/blender-web/upstream/source/blender/gpu/GPU_vertex_buffer.hh:16:
In file included from /Users/paws/blender-web/upstream/source/blender/blenlib/BLI_virtual_array.hh:34:
In file included from /Users/paws/blender-web/upstream/source/blender/blenlib/BLI_index_mask.hh:24:
In file included from /Users/paws/blender-web/upstream/source/blender/blenlib/BLI_unique_sorted_indices.hh:29:
/Users/paws/blender-web/upstream/source/blender/blenlib/BLI_binary_search.hh:21:16: warning: unused function template 'first_if' [-Wunused-template]
   21 | static int64_t first_if(Iterator begin, Iterator end, Predicate &&predicate)
      |                ^~~~~~~~
1 warning generated.
[17/20] Building CXX object source/blender/gpu/CMakeFiles/bf_gpu.dir/webgpu/wgpu_diag_readback.cc.o
In file included from /Users/paws/blender-web/upstream/source/blender/gpu/webgpu/wgpu_diag_readback.cc:22:
In file included from /Users/paws/blender-web/upstream/source/blender/gpu/webgpu/wgpu_context.hh:20:
In file included from /Users/paws/blender-web/upstream/source/blender/gpu/intern/gpu_context_private.hh:15:
In file included from /Users/paws/blender-web/upstream/source/blender/gpu/GPU_batch.hh:26:
In file included from /Users/paws/blender-web/upstream/source/blender/gpu/GPU_storage_buffer.hh:18:
In file included from /Users/paws/blender-web/upstream/source/blender/gpu/GPU_vertex_buffer.hh:16:
In file included from /Users/paws/blender-web/upstream/source/blender/blenlib/BLI_virtual_array.hh:34:
In file included from /Users/paws/blender-web/upstream/source/blender/blenlib/BLI_index_mask.hh:24:
In file included from /Users/paws/blender-web/upstream/source/blender/blenlib/BLI_unique_sorted_indices.hh:29:
/Users/paws/blender-web/upstream/source/blender/blenlib/BLI_binary_search.hh:21:16: warning: unused function template 'first_if' [-Wunused-template]
   21 | static int64_t first_if(Iterator begin, Iterator end, Predicate &&predicate)
      |                ^~~~~~~~
1 warning generated.
[18/20] Building CXX object source/blender/gpu/CMakeFiles/bf_gpu.dir/webgpu/wgpu_shader.cc.o
In file included from /Users/paws/blender-web/upstream/source/blender/gpu/webgpu/wgpu_shader.cc:16:
In file included from /Users/paws/blender-web/upstream/source/blender/gpu/webgpu/wgpu_shader.hh:23:
In file included from /Users/paws/blender-web/upstream/source/blender/gpu/intern/gpu_shader_private.hh:17:
In file included from /Users/paws/blender-web/upstream/source/blender/gpu/intern/gpu_shader_create_info.hh:25:
In file included from /Users/paws/blender-web/upstream/source/blender/gpu/intern/gpu_shader_create_info_pipeline.hh:13:
In file included from /Users/paws/blender-web/upstream/source/blender/gpu/intern/gpu_state_private.hh:15:
In file included from /Users/paws/blender-web/upstream/source/blender/gpu/intern/gpu_texture_private.hh:14:
In file included from /Users/paws/blender-web/upstream/source/blender/gpu/GPU_vertex_buffer.hh:16:
In file included from /Users/paws/blender-web/upstream/source/blender/blenlib/BLI_virtual_array.hh:34:
In file included from /Users/paws/blender-web/upstream/source/blender/blenlib/BLI_index_mask.hh:24:
In file included from /Users/paws/blender-web/upstream/source/blender/blenlib/BLI_unique_sorted_indices.hh:29:
/Users/paws/blender-web/upstream/source/blender/blenlib/BLI_binary_search.hh:21:16: warning: unused function template 'first_if' [-Wunused-template]
   21 | static int64_t first_if(Iterator begin, Iterator end, Predicate &&predicate)
      |                ^~~~~~~~
1 warning generated.
[19/20] Linking CXX static library lib/libbf_gpu.a
[20/20] Linking CXX executable bin/blender_browser.js
prune-preload-pycache: /Users/paws/blender-web/lib/wasm/lib/python3.13 -> removed 0 __pycache__ dir(s), 0 .pyc, 0 KiB
prune-preload-pycache: /Users/paws/blender-web/upstream/scripts -> removed 0 __pycache__ dir(s), 0 .pyc, 0 KiB
prune-preload-pycache: /Users/paws/blender-web/upstream/release/datafiles -> removed 0 __pycache__ dir(s), 0 .pyc, 0 KiB
prune-preload-pycache: TOTAL removed 0 __pycache__ dir(s), 0 .pyc, 0.00 MiB
em++: warning: -pthread + ALLOW_MEMORY_GROWTH may run non-wasm code slowly, see https://github.com/WebAssembly/design/issues/1271 [-Wpthreads-mem-growth]
wasm-ld: warning: function signature mismatch: random_multinomial
>>> defined as (i32, i64, i32, i32, i32, i32) -> void in /Users/paws/blender-web/lib/wasm/lib/libnumpy.a(meson-generated_numpy_random__generator.pyx.c.o)
>>> defined as (i32, i32, i32, i32, i32, i32) -> void in /Users/paws/blender-web/lib/wasm/lib/libnumpy.a(src_distributions_distributions.c.o)
