================================================================
  blender-web M4.pre shell:  http://localhost:8136/
  COOP=same-origin  COEP=require-corp  (SharedArrayBuffer enabled)
  shell = /Users/paws/blender-web/platform_web/shell
  /bin  = /Users/paws/blender-web/build-wasm-windowed-opt/bin
  Ctrl-C to stop.
================================================================
  "GET /windowed.html HTTP/1.1" 200 -
  "GET /windowed.html?gate=1280x720&pyexpr=import%20bpy%2C%20gpu%2C%20os%0Abpy.context.preferences.view.show_splash%20%3D%20False%0AW%20%3D%2064%3B%20H%20%3D%2064%0ACOL%20%3D%20(0.2%2C%200.6%2C%200.9%2C%201.0)%0A_off%20%3D%20None%0A_st%20%3D%20%7B%22n%22%3A%200%2C%20%22phase%22%3A%200%7D%0Adef%20_flat(x%2C%20out)%3A%0A%20%20%20%20if%20isinstance(x%2C%20(list%2C%20tuple))%3A%0A%20%20%20%20%20%20%20%20for%20e%20in%20x%3A%20_flat(e%2C%20out)%0A%20%20%20%20else%3A%0A%20%20%20%20%20%20%20%20out.append(int(x))%0Adef%20_do_read(tag)%3A%0A%20%20%20%20global%20_off%0A%20%20%20%20try%3A%0A%20%20%20%20%20%20%20%20with%20_off.bind()%3A%0A%20%20%20%20%20%20%20%20%20%20%20%20fb%20%3D%20gpu.state.active_framebuffer_get()%0A%20%20%20%20%20%20%20%20%20%20%20%20fb.clear(color%3DCOL)%0A%20%20%20%20%20%20%20%20%20%20%20%20buf%20%3D%20fb.read_color(0%2C%200%2C%20W%2C%20H%2C%204%2C%200%2C%20%22UBYTE%22)%0A%20%20%20%20%20%20%20%20flat%20%3D%20%5B%5D%0A%20%20%20%20%20%20%20%20_flat(buf.to_list()%2C%20flat)%0A%20%20%20%20%20%20%20%20n%20%3D%20len(flat)%0A%20%20%20%20%20%20%20%20mx%20%3D%20max(flat)%20if%20n%20else%200%0A%20%20%20%20%20%20%20%20nz%20%3D%20sum(1%20for%20v%20in%20flat%20if%20v%20%3E%200)%0A%20%20%20%20%20%20%20%20sample%20%3D%20flat%5B%3A8%5D%0A%20%20%20%20%20%20%20%20try%3A%0A%20%20%20%20%20%20%20%20%20%20%20%20with%20open(%22%2Ftmp%2Fr53_%25s.bin%22%20%25%20tag%2C%20%22wb%22)%20as%20f%3A%0A%20%20%20%20%20%20%20%20%20%20%20%20%20%20%20%20f.write(bytes(flat))%0A%20%20%20%20%20%20%20%20except%20Exception%20as%20e%3A%0A%20%20%20%20%20%20%20%20%20%20%20%20os.write(2%2C%20(%22%5Br53%5D%20dump%20EXC%20%22%20%2B%20repr(e)%20%2B%20%22%5Cn%22).encode())%0A%20%20%20%20%20%20%20%20os.write(2%2C%20(%22%5Br53%5D%20%25s%20n%3D%25d%20max%3D%25d%20nonzero%3D%25d%20sample%3D%25r%5Cn%22%20%25%20(tag%2C%20n%2C%20mx%2C%20nz%2C%20sample)).encode())%0A%20%20%20%20except%20Exception%20as%20e%3A%0A%20%20%20%20%20%20%20%20os.write(2%2C%20(%22%5Br53%5D%20read%20EXC%20tag%3D%25s%20%22%20%25%20tag%20%2B%20repr(e)%20%2B%20%22%5Cn%22).encode())%0Adef%20_tick()%3A%0A%20%20%20%20global%20_off%0A%20%20%20%20_st%5B%22n%22%5D%20%2B%3D%201%0A%20%20%20%20if%20_st%5B%22n%22%5D%20%3C%2025%3A%0A%20%20%20%20%20%20%20%20return%200.3%0A%20%20%20%20if%20_off%20is%20None%3A%0A%20%20%20%20%20%20%20%20try%3A%0A%20%20%20%20%20%20%20%20%20%20%20%20_off%20%3D%20gpu.types.GPUOffScreen(W%2C%20H)%0A%20%20%20%20%20%20%20%20%20%20%20%20os.write(2%2C%20b%22%5Br53%5D%20offscreen%20created%5Cn%22)%0A%20%20%20%20%20%20%20%20except%20Exception%20as%20e%3A%0A%20%20%20%20%20%20%20%20%20%20%20%20os.write(2%2C%20(%22%5Br53%5D%20offscreen%20EXC%20%22%20%2B%20repr(e)%20%2B%20%22%5Cn%22).encode())%0A%20%20%20%20%20%20%20%20%20%20%20%20return%20None%0A%20%20%20%20if%20_st%5B%22phase%22%5D%20%3D%3D%200%3A%0A%20%20%20%20%20%20%20%20os.write(2%2C%20b%22%5Br53%5D%20PHASE0%20first%20read%20(kick%2C%20expect%20zeros)%5Cn%22)%0A%20%20%20%20%20%20%20%20_do_read(%22read0%22)%0A%20%20%20%20%20%20%20%20_st%5B%22phase%22%5D%20%3D%201%0A%20%20%20%20%20%20%20%20return%200.6%0A%20%20%20%20if%20_st%5B%22phase%22%5D%20%3D%3D%201%3A%0A%20%20%20%20%20%20%20%20os.write(2%2C%20b%22%5Br53%5D%20PHASE1%20second%20read%20(fill-late%2C%20expect%20nonzero)%5Cn%22)%0A%20%20%20%20%20%20%20%20_do_read(%22read1%22)%0A%20%20%20%20%20%20%20%20_st%5B%22phase%22%5D%20%3D%202%0A%20%20%20%20%20%20%20%20return%200.6%0A%20%20%20%20if%20_st%5B%22phase%22%5D%20%3D%3D%202%3A%0A%20%20%20%20%20%20%20%20os.write(2%2C%20b%22%5Br53%5D%20PHASE2%20third%20read%20(steady%2C%20expect%20nonzero)%5Cn%22)%0A%20%20%20%20%20%20%20%20_do_read(%22read2%22)%0A%20%20%20%20%20%20%20%20os.write(2%2C%20b%22%5Br53%5D%20DONE%5Cn%22)%0A%20%20%20%20%20%20%20%20return%20None%0A%20%20%20%20return%20None%0Abpy.app.timers.register(_tick%2C%20first_interval%3D1.0) HTTP/1.1" 200 -
  "GET /bin/blender_browser.js HTTP/1.1" 200 -
  "GET /file-bridge.js HTTP/1.1" 200 -
  "GET /boot-windowed.js HTTP/1.1" 200 -
  "GET /bin/blender_browser.data HTTP/1.1" 200 -
  "GET /bin/blender_browser.wasm HTTP/1.1" 200 -
  "GET /bin/blender_browser.js HTTP/1.1" 200 -
  code 404, message File not found
  "GET /favicon.ico HTTP/1.1" 404 -
  "GET /bin/blender_browser.js HTTP/1.1" 200 -
  "GET /bin/blender_browser.js HTTP/1.1" 200 -
  "GET /bin/blender_browser.js HTTP/1.1" 200 -
  "GET /bin/blender_browser.js HTTP/1.1" 200 -
  "GET /bin/blender_browser.js HTTP/1.1" 200 -
  "GET /bin/blender_browser.js HTTP/1.1" 200 -
  "GET /bin/blender_browser.js HTTP/1.1" 200 -
  "GET /bin/blender_browser.js HTTP/1.1" 200 -
  "GET /bin/blender_browser.js HTTP/1.1" 200 -
  "GET /bin/blender_browser.js HTTP/1.1" 200 -
  "GET /bin/blender_browser.js HTTP/1.1" 200 -
  "GET /bin/blender_browser.js HTTP/1.1" 200 -
  "GET /bin/blender_browser.js HTTP/1.1" 200 -
  "GET /bin/blender_browser.js HTTP/1.1" 200 -
  "GET /bin/blender_browser.js HTTP/1.1" 200 -
  "GET /bin/blender_browser.js HTTP/1.1" 200 -
  "GET /bin/blender_browser.js HTTP/1.1" 200 -
  "GET /bin/blender_browser.js HTTP/1.1" 200 -
  "GET /bin/blender_browser.js HTTP/1.1" 200 -
  "GET /bin/blender_browser.js HTTP/1.1" 200 -
  "GET /bin/blender_browser.js HTTP/1.1" 200 -
  "GET /bin/blender_browser.js HTTP/1.1" 200 -
  "GET /bin/blender_browser.js HTTP/1.1" 200 -
  "GET /bin/blender_browser.js HTTP/1.1" 200 -
  "GET /bin/blender_browser.js HTTP/1.1" 200 -
  "GET /bin/blender_browser.js HTTP/1.1" 200 -
  "GET /bin/blender_browser.js HTTP/1.1" 200 -
  "GET /bin/blender_browser.js HTTP/1.1" 200 -
  "GET /bin/blender_browser.js HTTP/1.1" 200 -
  "GET /windowed.html?gate=1280x720&pyexpr=import%20bpy%2C%20os%0Abpy.context.preferences.view.show_splash%20%3D%20False%0A_s%20%3D%20%7B%22n%22%3A%200%2C%20%22i%22%3A%200%2C%20%22beat%22%3A%200%7D%0AN%20%3D%2024%0Adef%20_ctx_area()%3A%0A%20%20%20%20win%20%3D%20bpy.context.window_manager.windows%5B0%5D%0A%20%20%20%20scr%20%3D%20win.screen%0A%20%20%20%20area%20%3D%20next((a%20for%20a%20in%20scr.areas%20if%20a.type%20%3D%3D%20%22VIEW_3D%22)%2C%20None)%0A%20%20%20%20region%20%3D%20None%0A%20%20%20%20if%20area%3A%0A%20%20%20%20%20%20%20%20region%20%3D%20next((r%20for%20r%20in%20area.regions%20if%20r.type%20%3D%3D%20%22WINDOW%22)%2C%20None)%0A%20%20%20%20return%20win%2C%20area%2C%20region%0Adef%20_iter()%3A%0A%20%20%20%20win%2C%20area%2C%20region%20%3D%20_ctx_area()%0A%20%20%20%20try%3A%0A%20%20%20%20%20%20%20%20with%20bpy.context.temp_override(window%3Dwin%2C%20area%3Darea%2C%20region%3Dregion)%3A%0A%20%20%20%20%20%20%20%20%20%20%20%20bpy.ops.render.opengl(write_still%3DFalse%2C%20view_context%3DTrue)%0A%20%20%20%20except%20Exception%20as%20e%3A%0A%20%20%20%20%20%20%20%20os.write(2%2C%20(%22%5Bstress%5D%20render.opengl%20EXC%20%22%20%2B%20repr(e)%20%2B%20%22%5Cn%22).encode())%0A%20%20%20%20try%3A%0A%20%20%20%20%20%20%20%20with%20bpy.context.temp_override(window%3Dwin%2C%20area%3Darea%2C%20region%3Dregion)%3A%0A%20%20%20%20%20%20%20%20%20%20%20%20bpy.ops.screen.screenshot(filepath%3D%22%2Ftmp%2Fstress_shot.png%22)%0A%20%20%20%20except%20Exception%20as%20e%3A%0A%20%20%20%20%20%20%20%20os.write(2%2C%20(%22%5Bstress%5D%20screenshot%20EXC%20%22%20%2B%20repr(e)%20%2B%20%22%5Cn%22).encode())%0Adef%20_tick()%3A%0A%20%20%20%20_s%5B%22n%22%5D%20%2B%3D%201%0A%20%20%20%20if%20_s%5B%22n%22%5D%20%3C%2025%3A%0A%20%20%20%20%20%20%20%20return%200.3%0A%20%20%20%20if%20_s%5B%22i%22%5D%20%3C%20N%3A%0A%20%20%20%20%20%20%20%20_s%5B%22i%22%5D%20%2B%3D%201%0A%20%20%20%20%20%20%20%20os.write(2%2C%20(%22%5Bstress%5D%20iter%20%25d%2F%25d%5Cn%22%20%25%20(_s%5B%22i%22%5D%2C%20N)).encode())%0A%20%20%20%20%20%20%20%20_iter()%0A%20%20%20%20%20%20%20%20return%200.25%0A%20%20%20%20%23%20post-loop%20heartbeat%3A%20prove%20the%20WM%20loop%20still%20ticks%20after%20the%20barrage%0A%20%20%20%20_s%5B%22beat%22%5D%20%2B%3D%201%0A%20%20%20%20os.write(2%2C%20(%22%5Bstress%5D%20heartbeat%20%25d%20loop-alive%5Cn%22%20%25%20_s%5B%22beat%22%5D).encode())%0A%20%20%20%20if%20_s%5B%22beat%22%5D%20%3E%3D%208%3A%0A%20%20%20%20%20%20%20%20os.write(2%2C%20b%22%5Bstress%5D%20STRESS_COMPLETE%5Cn%22)%0A%20%20%20%20%20%20%20%20return%20None%0A%20%20%20%20return%200.3%0Abpy.app.timers.register(_tick%2C%20first_interval%3D1.0) HTTP/1.1" 200 -
  "GET /bin/blender_browser.js HTTP/1.1" 200 -
  "GET /file-bridge.js HTTP/1.1" 200 -
  "GET /boot-windowed.js HTTP/1.1" 200 -
  "GET /bin/blender_browser.data HTTP/1.1" 200 -
  "GET /bin/blender_browser.wasm HTTP/1.1" 200 -
  code 404, message File not found
  "GET /favicon.ico HTTP/1.1" 404 -
  "GET /bin/blender_browser.js HTTP/1.1" 200 -
  "GET /bin/blender_browser.js HTTP/1.1" 200 -
  "GET /bin/blender_browser.js HTTP/1.1" 200 -
  "GET /bin/blender_browser.js HTTP/1.1" 200 -
  "GET /bin/blender_browser.js HTTP/1.1" 200 -
  "GET /bin/blender_browser.js HTTP/1.1" 200 -
  "GET /bin/blender_browser.js HTTP/1.1" 200 -
  "GET /bin/blender_browser.js HTTP/1.1" 200 -
  "GET /bin/blender_browser.js HTTP/1.1" 200 -
  "GET /bin/blender_browser.js HTTP/1.1" 200 -
  "GET /bin/blender_browser.js HTTP/1.1" 200 -
  "GET /bin/blender_browser.js HTTP/1.1" 200 -
  "GET /bin/blender_browser.js HTTP/1.1" 200 -
  "GET /bin/blender_browser.js HTTP/1.1" 200 -
  "GET /bin/blender_browser.js HTTP/1.1" 200 -
  "GET /bin/blender_browser.js HTTP/1.1" 200 -
  "GET /bin/blender_browser.js HTTP/1.1" 200 -
  "GET /bin/blender_browser.js HTTP/1.1" 200 -
  "GET /bin/blender_browser.js HTTP/1.1" 200 -
  "GET /bin/blender_browser.js HTTP/1.1" 200 -
  "GET /bin/blender_browser.js HTTP/1.1" 200 -
  "GET /bin/blender_browser.js HTTP/1.1" 200 -
  "GET /bin/blender_browser.js HTTP/1.1" 200 -
  "GET /bin/blender_browser.js HTTP/1.1" 200 -
  "GET /bin/blender_browser.js HTTP/1.1" 200 -
  "GET /bin/blender_browser.js HTTP/1.1" 200 -
  "GET /bin/blender_browser.js HTTP/1.1" 200 -
  "GET /bin/blender_browser.js HTTP/1.1" 200 -
  "GET /bin/blender_browser.js HTTP/1.1" 200 -
  "GET /bin/blender_browser.js HTTP/1.1" 200 -
  "GET /bin/blender_browser.js HTTP/1.1" 200 -
  "GET /bin/blender_browser.js HTTP/1.1" 200 -
  "GET /bin/blender_browser.js HTTP/1.1" 200 -
  "GET /bin/blender_browser.js HTTP/1.1" 200 -
  "GET /bin/blender_browser.js HTTP/1.1" 200 -
  "GET /bin/blender_browser.js HTTP/1.1" 200 -
  "GET /bin/blender_browser.js HTTP/1.1" 200 -
  "GET /bin/blender_browser.js HTTP/1.1" 200 -
  "GET /bin/blender_browser.js HTTP/1.1" 200 -
  "GET /bin/bw_seed.html HTTP/1.1" 200 -
  code 404, message File not found
  "GET /favicon.ico HTTP/1.1" 404 -
  "GET /windowed.html?gate=640x480&args=%2Fprojects%2Fbw_suite.blend&pyexpr=import%20bpy%2C%20os%2C%20glob%0Aos.environ%5B%22BW_DIAG%22%5D%20%3D%20%221%22%0Abpy.context.preferences.view.show_splash%20%3D%20False%0Adef%20_bw_kick()%3A%0A%20%20%20%20try%3A%0A%20%20%20%20%20%20%20%20for%20win%20in%20bpy.context.window_manager.windows%3A%0A%20%20%20%20%20%20%20%20%20%20%20%20scr%20%3D%20win.screen%0A%20%20%20%20%20%20%20%20%20%20%20%20if%20not%20scr%3A%0A%20%20%20%20%20%20%20%20%20%20%20%20%20%20%20%20continue%0A%20%20%20%20%20%20%20%20%20%20%20%20for%20area%20in%20scr.areas%3A%0A%20%20%20%20%20%20%20%20%20%20%20%20%20%20%20%20if%20area.type%20%3D%3D%20%22VIEW_3D%22%3A%0A%20%20%20%20%20%20%20%20%20%20%20%20%20%20%20%20%20%20%20%20for%20region%20in%20area.regions%3A%0A%20%20%20%20%20%20%20%20%20%20%20%20%20%20%20%20%20%20%20%20%20%20%20%20if%20region.type%20%3D%3D%20%22WINDOW%22%3A%0A%20%20%20%20%20%20%20%20%20%20%20%20%20%20%20%20%20%20%20%20%20%20%20%20%20%20%20%20region.tag_redraw()%0A%20%20%20%20except%20Exception%3A%0A%20%20%20%20%20%20%20%20pass%0A%20%20%20%20return%200.3%0Abpy.app.timers.register(_bw_kick%2C%20first_interval%3D1.0)%0Adef%20_bw_render()%3A%0A%20%20%20%20try%3A%0A%20%20%20%20%20%20%20%20sc%20%3D%20bpy.context.scene%0A%20%20%20%20%20%20%20%20sc.render.engine%20%3D%20%22BLENDER_WORKBENCH%22%0A%20%20%20%20%20%20%20%20sc.render.resolution_x%20%3D%20128%0A%20%20%20%20%20%20%20%20sc.render.resolution_y%20%3D%20128%0A%20%20%20%20%20%20%20%20sc.render.resolution_percentage%20%3D%20100%0A%20%20%20%20%20%20%20%20sc.frame_set(1)%0A%20%20%20%20%20%20%20%20for%20f%20in%20glob.glob(%22%2Ftmp%2Fbw_readback_*.bin%22)%3A%0A%20%20%20%20%20%20%20%20%20%20%20%20try%3A%0A%20%20%20%20%20%20%20%20%20%20%20%20%20%20%20%20os.remove(f)%0A%20%20%20%20%20%20%20%20%20%20%20%20except%20Exception%3A%0A%20%20%20%20%20%20%20%20%20%20%20%20%20%20%20%20pass%0A%20%20%20%20%20%20%20%20sc.render.image_settings.file_format%20%3D%20%22PNG%22%0A%20%20%20%20%20%20%20%20sc.render.filepath%20%3D%20%22%2Ftmp%2Fm6_bridge%22%0A%20%20%20%20%20%20%20%20print(%22M6_BRIDGE_START%20engine%3D%22%20%2B%20sc.render.engine%20%2B%20%22%20res%3D%25dx%25d%20file%3D%22%20%25%20(sc.render.resolution_x%2C%20sc.render.resolution_y)%20%2B%20(bpy.data.filepath%20or%20%22%3Cnone%3E%22))%0A%20%20%20%20%20%20%20%20bpy.ops.render.render(write_still%3DTrue)%0A%20%20%20%20%20%20%20%20open(%22%2Ftmp%2Fm6_bridge_done%22%2C%20%22w%22).write(%22OK%20%22%20%2B%20sc.render.engine)%0A%20%20%20%20%20%20%20%20print(%22M6_BRIDGE_DONE%22)%0A%20%20%20%20except%20Exception%20as%20e%3A%0A%20%20%20%20%20%20%20%20open(%22%2Ftmp%2Fm6_bridge_done%22%2C%20%22w%22).write(%22ERR%20%22%20%2B%20repr(e))%0A%20%20%20%20%20%20%20%20print(%22M6_BRIDGE_FAIL%20%22%20%2B%20repr(e))%0A%20%20%20%20return%20None%0Abpy.app.timers.register(_bw_render%2C%20first_interval%3D7.0) HTTP/1.1" 200 -
  "GET /bin/blender_browser.js HTTP/1.1" 200 -
  "GET /file-bridge.js HTTP/1.1" 200 -
  "GET /boot-windowed.js HTTP/1.1" 200 -
  "GET /bin/blender_browser.data HTTP/1.1" 200 -
  "GET /bin/blender_browser.wasm HTTP/1.1" 200 -
  "GET /bin/blender_browser.js HTTP/1.1" 200 -
  "GET /bin/blender_browser.js HTTP/1.1" 200 -
  "GET /bin/blender_browser.js HTTP/1.1" 200 -
  "GET /bin/blender_browser.js HTTP/1.1" 200 -
  "GET /bin/blender_browser.js HTTP/1.1" 200 -
  "GET /bin/blender_browser.js HTTP/1.1" 200 -
  "GET /bin/blender_browser.js HTTP/1.1" 200 -
  "GET /bin/blender_browser.js HTTP/1.1" 200 -
  "GET /bin/blender_browser.js HTTP/1.1" 200 -
  "GET /bin/blender_browser.js HTTP/1.1" 200 -
  "GET /bin/blender_browser.js HTTP/1.1" 200 -
  "GET /bin/blender_browser.js HTTP/1.1" 200 -
  "GET /bin/blender_browser.js HTTP/1.1" 200 -
  "GET /bin/blender_browser.js HTTP/1.1" 200 -
  "GET /bin/blender_browser.js HTTP/1.1" 200 -
  "GET /bin/blender_browser.js HTTP/1.1" 200 -
  "GET /bin/blender_browser.js HTTP/1.1" 200 -
  "GET /bin/blender_browser.js HTTP/1.1" 200 -
  "GET /bin/blender_browser.js HTTP/1.1" 200 -
  "GET /bin/blender_browser.js HTTP/1.1" 200 -
  "GET /bin/blender_browser.js HTTP/1.1" 200 -
  "GET /bin/blender_browser.js HTTP/1.1" 200 -
  "GET /bin/blender_browser.js HTTP/1.1" 200 -
  "GET /bin/blender_browser.js HTTP/1.1" 200 -
  "GET /bin/blender_browser.js HTTP/1.1" 200 -
  "GET /bin/blender_browser.js HTTP/1.1" 200 -
  "GET /bin/blender_browser.js HTTP/1.1" 200 -
  "GET /bin/blender_browser.js HTTP/1.1" 200 -
  "GET /bin/blender_browser.js HTTP/1.1" 200 -
  "GET /bin/blender_browser.js HTTP/1.1" 200 -
  "GET /bin/blender_browser.js HTTP/1.1" 200 -
  "GET /bin/blender_browser.js HTTP/1.1" 200 -
  "GET /bin/blender_browser.js HTTP/1.1" 200 -
  "GET /bin/blender_browser.js HTTP/1.1" 200 -
  "GET /bin/blender_browser.js HTTP/1.1" 200 -
  "GET /bin/blender_browser.js HTTP/1.1" 200 -
  "GET /bin/blender_browser.js HTTP/1.1" 200 -
  "GET /bin/blender_browser.js HTTP/1.1" 200 -
  "GET /bin/blender_browser.js HTTP/1.1" 200 -
  "GET /bin/blender_browser.js HTTP/1.1" 200 -
  "GET /bin/blender_browser.js HTTP/1.1" 200 -
  "GET /bin/blender_browser.js HTTP/1.1" 200 -
  "GET /windowed.html?gate=1280x720&pyexpr=import%20bpy%2C%20gpu%2C%20os%0Abpy.context.preferences.view.show_splash%20%3D%20False%0AW%20%3D%2064%3B%20H%20%3D%2064%0ACOL%20%3D%20(0.2%2C%200.6%2C%200.9%2C%201.0)%0A_off%20%3D%20None%0A_st%20%3D%20%7B%22n%22%3A%200%2C%20%22phase%22%3A%200%7D%0Adef%20_flat(x%2C%20out)%3A%0A%20%20%20%20if%20isinstance(x%2C%20(list%2C%20tuple))%3A%0A%20%20%20%20%20%20%20%20for%20e%20in%20x%3A%20_flat(e%2C%20out)%0A%20%20%20%20else%3A%0A%20%20%20%20%20%20%20%20out.append(int(x))%0Adef%20_do_read(tag)%3A%0A%20%20%20%20global%20_off%0A%20%20%20%20try%3A%0A%20%20%20%20%20%20%20%20with%20_off.bind()%3A%0A%20%20%20%20%20%20%20%20%20%20%20%20fb%20%3D%20gpu.state.active_framebuffer_get()%0A%20%20%20%20%20%20%20%20%20%20%20%20fb.clear(color%3DCOL)%0A%20%20%20%20%20%20%20%20%20%20%20%20buf%20%3D%20fb.read_color(0%2C%200%2C%20W%2C%20H%2C%204%2C%200%2C%20%22UBYTE%22)%0A%20%20%20%20%20%20%20%20flat%20%3D%20%5B%5D%0A%20%20%20%20%20%20%20%20_flat(buf.to_list()%2C%20flat)%0A%20%20%20%20%20%20%20%20n%20%3D%20len(flat)%0A%20%20%20%20%20%20%20%20mx%20%3D%20max(flat)%20if%20n%20else%200%0A%20%20%20%20%20%20%20%20nz%20%3D%20sum(1%20for%20v%20in%20flat%20if%20v%20%3E%200)%0A%20%20%20%20%20%20%20%20sample%20%3D%20flat%5B%3A8%5D%0A%20%20%20%20%20%20%20%20try%3A%0A%20%20%20%20%20%20%20%20%20%20%20%20with%20open(%22%2Ftmp%2Fr53_%25s.bin%22%20%25%20tag%2C%20%22wb%22)%20as%20f%3A%0A%20%20%20%20%20%20%20%20%20%20%20%20%20%20%20%20f.write(bytes(flat))%0A%20%20%20%20%20%20%20%20except%20Exception%20as%20e%3A%0A%20%20%20%20%20%20%20%20%20%20%20%20os.write(2%2C%20(%22%5Br53%5D%20dump%20EXC%20%22%20%2B%20repr(e)%20%2B%20%22%5Cn%22).encode())%0A%20%20%20%20%20%20%20%20os.write(2%2C%20(%22%5Br53%5D%20%25s%20n%3D%25d%20max%3D%25d%20nonzero%3D%25d%20sample%3D%25r%5Cn%22%20%25%20(tag%2C%20n%2C%20mx%2C%20nz%2C%20sample)).encode())%0A%20%20%20%20except%20Exception%20as%20e%3A%0A%20%20%20%20%20%20%20%20os.write(2%2C%20(%22%5Br53%5D%20read%20EXC%20tag%3D%25s%20%22%20%25%20tag%20%2B%20repr(e)%20%2B%20%22%5Cn%22).encode())%0Adef%20_tick()%3A%0A%20%20%20%20global%20_off%0A%20%20%20%20_st%5B%22n%22%5D%20%2B%3D%201%0A%20%20%20%20if%20_st%5B%22n%22%5D%20%3C%2025%3A%0A%20%20%20%20%20%20%20%20return%200.3%0A%20%20%20%20if%20_off%20is%20None%3A%0A%20%20%20%20%20%20%20%20try%3A%0A%20%20%20%20%20%20%20%20%20%20%20%20_off%20%3D%20gpu.types.GPUOffScreen(W%2C%20H)%0A%20%20%20%20%20%20%20%20%20%20%20%20os.write(2%2C%20b%22%5Br53%5D%20offscreen%20created%5Cn%22)%0A%20%20%20%20%20%20%20%20except%20Exception%20as%20e%3A%0A%20%20%20%20%20%20%20%20%20%20%20%20os.write(2%2C%20(%22%5Br53%5D%20offscreen%20EXC%20%22%20%2B%20repr(e)%20%2B%20%22%5Cn%22).encode())%0A%20%20%20%20%20%20%20%20%20%20%20%20return%20None%0A%20%20%20%20if%20_st%5B%22phase%22%5D%20%3D%3D%200%3A%0A%20%20%20%20%20%20%20%20os.write(2%2C%20b%22%5Br53%5D%20PHASE0%20first%20read%20(kick%2C%20expect%20zeros)%5Cn%22)%0A%20%20%20%20%20%20%20%20_do_read(%22read0%22)%0A%20%20%20%20%20%20%20%20_st%5B%22phase%22%5D%20%3D%201%0A%20%20%20%20%20%20%20%20return%200.6%0A%20%20%20%20if%20_st%5B%22phase%22%5D%20%3D%3D%201%3A%0A%20%20%20%20%20%20%20%20os.write(2%2C%20b%22%5Br53%5D%20PHASE1%20second%20read%20(fill-late%2C%20expect%20nonzero)%5Cn%22)%0A%20%20%20%20%20%20%20%20_do_read(%22read1%22)%0A%20%20%20%20%20%20%20%20_st%5B%22phase%22%5D%20%3D%202%0A%20%20%20%20%20%20%20%20return%200.6%0A%20%20%20%20if%20_st%5B%22phase%22%5D%20%3D%3D%202%3A%0A%20%20%20%20%20%20%20%20os.write(2%2C%20b%22%5Br53%5D%20PHASE2%20third%20read%20(steady%2C%20expect%20nonzero)%5Cn%22)%0A%20%20%20%20%20%20%20%20_do_read(%22read2%22)%0A%20%20%20%20%20%20%20%20os.write(2%2C%20b%22%5Br53%5D%20DONE%5Cn%22)%0A%20%20%20%20%20%20%20%20return%20None%0A%20%20%20%20return%20None%0Abpy.app.timers.register(_tick%2C%20first_interval%3D1.0) HTTP/1.1" 200 -
  "GET /bin/blender_browser.js HTTP/1.1" 200 -
  "GET /file-bridge.js HTTP/1.1" 200 -
  "GET /boot-windowed.js HTTP/1.1" 200 -
  "GET /bin/blender_browser.data HTTP/1.1" 200 -
  "GET /bin/blender_browser.js HTTP/1.1" 200 -
  "GET /bin/blender_browser.wasm HTTP/1.1" 200 -
  code 404, message File not found
  "GET /favicon.ico HTTP/1.1" 404 -
  "GET /bin/blender_browser.js HTTP/1.1" 200 -
  "GET /bin/blender_browser.js HTTP/1.1" 200 -
  "GET /bin/blender_browser.js HTTP/1.1" 200 -
  "GET /bin/blender_browser.js HTTP/1.1" 200 -
  "GET /bin/blender_browser.js HTTP/1.1" 200 -
  "GET /bin/blender_browser.js HTTP/1.1" 200 -
  "GET /bin/blender_browser.js HTTP/1.1" 200 -
  "GET /bin/blender_browser.js HTTP/1.1" 200 -
  "GET /bin/blender_browser.js HTTP/1.1" 200 -
  "GET /bin/blender_browser.js HTTP/1.1" 200 -
  "GET /bin/blender_browser.js HTTP/1.1" 200 -
  "GET /bin/blender_browser.js HTTP/1.1" 200 -
  "GET /bin/blender_browser.js HTTP/1.1" 200 -
  "GET /bin/blender_browser.js HTTP/1.1" 200 -
  "GET /bin/blender_browser.js HTTP/1.1" 200 -
  "GET /bin/blender_browser.js HTTP/1.1" 200 -
  "GET /bin/blender_browser.js HTTP/1.1" 200 -
  "GET /bin/blender_browser.js HTTP/1.1" 200 -
  "GET /bin/blender_browser.js HTTP/1.1" 200 -
  "GET /bin/blender_browser.js HTTP/1.1" 200 -
  "GET /bin/blender_browser.js HTTP/1.1" 200 -
  "GET /bin/blender_browser.js HTTP/1.1" 200 -
  "GET /bin/blender_browser.js HTTP/1.1" 200 -
  "GET /bin/blender_browser.js HTTP/1.1" 200 -
  "GET /bin/blender_browser.js HTTP/1.1" 200 -
  "GET /bin/blender_browser.js HTTP/1.1" 200 -
  "GET /bin/blender_browser.js HTTP/1.1" 200 -
  "GET /bin/blender_browser.js HTTP/1.1" 200 -
  "GET /bin/blender_browser.js HTTP/1.1" 200 -
  "GET /windowed.html?gate=1280x720&pyexpr=import%20bpy%2C%20os%0Abpy.context.preferences.view.show_splash%20%3D%20False%0A_s%20%3D%20%7B%22n%22%3A%200%2C%20%22i%22%3A%200%2C%20%22beat%22%3A%200%7D%0AN%20%3D%2024%0Adef%20_ctx_area()%3A%0A%20%20%20%20win%20%3D%20bpy.context.window_manager.windows%5B0%5D%0A%20%20%20%20scr%20%3D%20win.screen%0A%20%20%20%20area%20%3D%20next((a%20for%20a%20in%20scr.areas%20if%20a.type%20%3D%3D%20%22VIEW_3D%22)%2C%20None)%0A%20%20%20%20region%20%3D%20None%0A%20%20%20%20if%20area%3A%0A%20%20%20%20%20%20%20%20region%20%3D%20next((r%20for%20r%20in%20area.regions%20if%20r.type%20%3D%3D%20%22WINDOW%22)%2C%20None)%0A%20%20%20%20return%20win%2C%20area%2C%20region%0Adef%20_iter()%3A%0A%20%20%20%20win%2C%20area%2C%20region%20%3D%20_ctx_area()%0A%20%20%20%20try%3A%0A%20%20%20%20%20%20%20%20with%20bpy.context.temp_override(window%3Dwin%2C%20area%3Darea%2C%20region%3Dregion)%3A%0A%20%20%20%20%20%20%20%20%20%20%20%20bpy.ops.render.opengl(write_still%3DFalse%2C%20view_context%3DTrue)%0A%20%20%20%20except%20Exception%20as%20e%3A%0A%20%20%20%20%20%20%20%20os.write(2%2C%20(%22%5Bstress%5D%20render.opengl%20EXC%20%22%20%2B%20repr(e)%20%2B%20%22%5Cn%22).encode())%0A%20%20%20%20try%3A%0A%20%20%20%20%20%20%20%20with%20bpy.context.temp_override(window%3Dwin%2C%20area%3Darea%2C%20region%3Dregion)%3A%0A%20%20%20%20%20%20%20%20%20%20%20%20bpy.ops.screen.screenshot(filepath%3D%22%2Ftmp%2Fstress_shot.png%22)%0A%20%20%20%20except%20Exception%20as%20e%3A%0A%20%20%20%20%20%20%20%20os.write(2%2C%20(%22%5Bstress%5D%20screenshot%20EXC%20%22%20%2B%20repr(e)%20%2B%20%22%5Cn%22).encode())%0Adef%20_tick()%3A%0A%20%20%20%20_s%5B%22n%22%5D%20%2B%3D%201%0A%20%20%20%20if%20_s%5B%22n%22%5D%20%3C%2025%3A%0A%20%20%20%20%20%20%20%20return%200.3%0A%20%20%20%20if%20_s%5B%22i%22%5D%20%3C%20N%3A%0A%20%20%20%20%20%20%20%20_s%5B%22i%22%5D%20%2B%3D%201%0A%20%20%20%20%20%20%20%20os.write(2%2C%20(%22%5Bstress%5D%20iter%20%25d%2F%25d%5Cn%22%20%25%20(_s%5B%22i%22%5D%2C%20N)).encode())%0A%20%20%20%20%20%20%20%20_iter()%0A%20%20%20%20%20%20%20%20return%200.25%0A%20%20%20%20%23%20post-loop%20heartbeat%3A%20prove%20the%20WM%20loop%20still%20ticks%20after%20the%20barrage%0A%20%20%20%20_s%5B%22beat%22%5D%20%2B%3D%201%0A%20%20%20%20os.write(2%2C%20(%22%5Bstress%5D%20heartbeat%20%25d%20loop-alive%5Cn%22%20%25%20_s%5B%22beat%22%5D).encode())%0A%20%20%20%20if%20_s%5B%22beat%22%5D%20%3E%3D%208%3A%0A%20%20%20%20%20%20%20%20os.write(2%2C%20b%22%5Bstress%5D%20STRESS_COMPLETE%5Cn%22)%0A%20%20%20%20%20%20%20%20return%20None%0A%20%20%20%20return%200.3%0Abpy.app.timers.register(_tick%2C%20first_interval%3D1.0) HTTP/1.1" 200 -
  "GET /file-bridge.js HTTP/1.1" 200 -
  "GET /boot-windowed.js HTTP/1.1" 200 -
  "GET /bin/blender_browser.js HTTP/1.1" 200 -
  "GET /bin/blender_browser.data HTTP/1.1" 200 -
  "GET /bin/blender_browser.wasm HTTP/1.1" 200 -
  "GET /bin/blender_browser.js HTTP/1.1" 200 -
  code 404, message File not found
  "GET /favicon.ico HTTP/1.1" 404 -
  "GET /bin/blender_browser.js HTTP/1.1" 200 -
  "GET /bin/blender_browser.js HTTP/1.1" 200 -
  "GET /bin/blender_browser.js HTTP/1.1" 200 -
  "GET /bin/blender_browser.js HTTP/1.1" 200 -
  "GET /bin/blender_browser.js HTTP/1.1" 200 -
  "GET /bin/blender_browser.js HTTP/1.1" 200 -
  "GET /bin/blender_browser.js HTTP/1.1" 200 -
  "GET /bin/blender_browser.js HTTP/1.1" 200 -
  "GET /bin/blender_browser.js HTTP/1.1" 200 -
  "GET /bin/blender_browser.js HTTP/1.1" 200 -
  "GET /bin/blender_browser.js HTTP/1.1" 200 -
  "GET /bin/blender_browser.js HTTP/1.1" 200 -
  "GET /bin/blender_browser.js HTTP/1.1" 200 -
  "GET /bin/blender_browser.js HTTP/1.1" 200 -
  "GET /bin/blender_browser.js HTTP/1.1" 200 -
  "GET /bin/blender_browser.js HTTP/1.1" 200 -
  "GET /bin/blender_browser.js HTTP/1.1" 200 -
  "GET /bin/blender_browser.js HTTP/1.1" 200 -
  "GET /bin/blender_browser.js HTTP/1.1" 200 -
  "GET /bin/blender_browser.js HTTP/1.1" 200 -
  "GET /bin/blender_browser.js HTTP/1.1" 200 -
  "GET /bin/blender_browser.js HTTP/1.1" 200 -
  "GET /bin/blender_browser.js HTTP/1.1" 200 -
  "GET /bin/blender_browser.js HTTP/1.1" 200 -
  "GET /bin/blender_browser.js HTTP/1.1" 200 -
  "GET /bin/blender_browser.js HTTP/1.1" 200 -
  "GET /bin/blender_browser.js HTTP/1.1" 200 -
  "GET /bin/blender_browser.js HTTP/1.1" 200 -
  "GET /bin/blender_browser.js HTTP/1.1" 200 -
  "GET /bin/blender_browser.js HTTP/1.1" 200 -
  "GET /bin/blender_browser.js HTTP/1.1" 200 -
  "GET /bin/blender_browser.js HTTP/1.1" 200 -
  "GET /bin/blender_browser.js HTTP/1.1" 200 -
  "GET /bin/blender_browser.js HTTP/1.1" 200 -
  "GET /bin/blender_browser.js HTTP/1.1" 200 -
  "GET /bin/blender_browser.js HTTP/1.1" 200 -
  "GET /bin/blender_browser.js HTTP/1.1" 200 -
  "GET /bin/blender_browser.js HTTP/1.1" 200 -
  "GET /bin/blender_browser.js HTTP/1.1" 200 -
  "GET /bin/blender_browser.js HTTP/1.1" 200 -
  "GET /bin/blender_browser.js HTTP/1.1" 200 -
  "GET /windowed.html HTTP/1.1" 200 -
  "GET /windowed.html?gate=1280x720&pyexpr=import%20bpy%0Adef%20_bw_kick()%3A%0A%20%20%20%20try%3A%0A%20%20%20%20%20%20%20%20for%20win%20in%20bpy.context.window_manager.windows%3A%0A%20%20%20%20%20%20%20%20%20%20%20%20scr%20%3D%20win.screen%0A%20%20%20%20%20%20%20%20%20%20%20%20if%20not%20scr%3A%20continue%0A%20%20%20%20%20%20%20%20%20%20%20%20for%20area%20in%20scr.areas%3A%0A%20%20%20%20%20%20%20%20%20%20%20%20%20%20%20%20for%20region%20in%20area.regions%3A%0A%20%20%20%20%20%20%20%20%20%20%20%20%20%20%20%20%20%20%20%20region.tag_redraw()%0A%20%20%20%20except%20Exception%20as%20e%3A%0A%20%20%20%20%20%20%20%20print(%22%5Bbw-kick%5D%20%22%20%2B%20repr(e))%0A%20%20%20%20return%201.0%0Abpy.app.timers.register(_bw_kick%2C%20first_interval%3D1.0) HTTP/1.1" 200 -
  "GET /boot-windowed.js HTTP/1.1" 200 -
  "GET /file-bridge.js HTTP/1.1" 200 -
  "GET /bin/blender_browser.js HTTP/1.1" 200 -
  "GET /bin/blender_browser.data HTTP/1.1" 200 -
  "GET /bin/blender_browser.wasm HTTP/1.1" 200 -
  "GET /bin/blender_browser.js HTTP/1.1" 200 -
  code 404, message File not found
  "GET /favicon.ico HTTP/1.1" 404 -
  "GET /bin/blender_browser.js HTTP/1.1" 200 -
  "GET /bin/blender_browser.js HTTP/1.1" 200 -
  "GET /bin/blender_browser.js HTTP/1.1" 200 -
  "GET /bin/blender_browser.js HTTP/1.1" 200 -
  "GET /bin/blender_browser.js HTTP/1.1" 200 -
  "GET /bin/blender_browser.js HTTP/1.1" 200 -
  "GET /bin/blender_browser.js HTTP/1.1" 200 -
  "GET /bin/blender_browser.js HTTP/1.1" 200 -
  "GET /bin/blender_browser.js HTTP/1.1" 200 -
  "GET /bin/blender_browser.js HTTP/1.1" 200 -
  "GET /bin/blender_browser.js HTTP/1.1" 200 -
  "GET /bin/blender_browser.js HTTP/1.1" 200 -
  "GET /bin/blender_browser.js HTTP/1.1" 200 -
  "GET /bin/blender_browser.js HTTP/1.1" 200 -
  "GET /bin/blender_browser.js HTTP/1.1" 200 -
  "GET /bin/blender_browser.js HTTP/1.1" 200 -
  "GET /bin/blender_browser.js HTTP/1.1" 200 -
  "GET /bin/blender_browser.js HTTP/1.1" 200 -
  "GET /bin/blender_browser.js HTTP/1.1" 200 -
  "GET /bin/blender_browser.js HTTP/1.1" 200 -
  "GET /bin/blender_browser.js HTTP/1.1" 200 -
  "GET /bin/blender_browser.js HTTP/1.1" 200 -
  "GET /bin/blender_browser.js HTTP/1.1" 200 -
  "GET /bin/blender_browser.js HTTP/1.1" 200 -
  "GET /bin/blender_browser.js HTTP/1.1" 200 -
  "GET /bin/blender_browser.js HTTP/1.1" 200 -
  "GET /bin/blender_browser.js HTTP/1.1" 200 -
  "GET /bin/blender_browser.js HTTP/1.1" 200 -
  "GET /bin/blender_browser.js HTTP/1.1" 200 -
  "GET /bin/blender_browser.js HTTP/1.1" 200 -
  "GET /bin/blender_browser.js HTTP/1.1" 200 -
  "GET /bin/blender_browser.js HTTP/1.1" 200 -
  "GET /bin/blender_browser.js HTTP/1.1" 200 -
  "GET /bin/blender_browser.js HTTP/1.1" 200 -
  "GET /bin/blender_browser.js HTTP/1.1" 200 -
  "GET /bin/blender_browser.js HTTP/1.1" 200 -
  "GET /bin/blender_browser.js HTTP/1.1" 200 -
  "GET /bin/blender_browser.js HTTP/1.1" 200 -
  "GET /bin/blender_browser.js HTTP/1.1" 200 -
  "GET /bin/blender_browser.js HTTP/1.1" 200 -
  "GET /bin/blender_browser.js HTTP/1.1" 200 -
  "GET /bin/blender_browser.js HTTP/1.1" 200 -
  "GET /windowed.html?gate=1280x720&pyexpr=import%20bpy%0Adef%20_bw_kick()%3A%0A%20%20%20%20try%3A%0A%20%20%20%20%20%20%20%20for%20win%20in%20bpy.context.window_manager.windows%3A%0A%20%20%20%20%20%20%20%20%20%20%20%20scr%20%3D%20win.screen%0A%20%20%20%20%20%20%20%20%20%20%20%20if%20not%20scr%3A%20continue%0A%20%20%20%20%20%20%20%20%20%20%20%20for%20area%20in%20scr.areas%3A%0A%20%20%20%20%20%20%20%20%20%20%20%20%20%20%20%20for%20region%20in%20area.regions%3A%0A%20%20%20%20%20%20%20%20%20%20%20%20%20%20%20%20%20%20%20%20region.tag_redraw()%0A%20%20%20%20except%20Exception%20as%20e%3A%0A%20%20%20%20%20%20%20%20print(%22%5Bbw-kick%5D%20%22%20%2B%20repr(e))%0A%20%20%20%20return%201.0%0Abpy.app.timers.register(_bw_kick%2C%20first_interval%3D1.0) HTTP/1.1" 200 -
  "GET /bin/blender_browser.js HTTP/1.1" 200 -
  "GET /boot-windowed.js HTTP/1.1" 200 -
  "GET /file-bridge.js HTTP/1.1" 200 -
  "GET /bin/blender_browser.data HTTP/1.1" 200 -
  "GET /bin/blender_browser.wasm HTTP/1.1" 200 -
  code 404, message File not found
  "GET /favicon.ico HTTP/1.1" 404 -
  "GET /bin/blender_browser.js HTTP/1.1" 200 -
  "GET /bin/blender_browser.js HTTP/1.1" 200 -
  "GET /bin/blender_browser.js HTTP/1.1" 200 -
  "GET /bin/blender_browser.js HTTP/1.1" 200 -
  "GET /bin/blender_browser.js HTTP/1.1" 200 -
  "GET /bin/blender_browser.js HTTP/1.1" 200 -
  "GET /bin/blender_browser.js HTTP/1.1" 200 -
  "GET /bin/blender_browser.js HTTP/1.1" 200 -
  "GET /bin/blender_browser.js HTTP/1.1" 200 -
  "GET /bin/blender_browser.js HTTP/1.1" 200 -
  "GET /bin/blender_browser.js HTTP/1.1" 200 -
  "GET /bin/blender_browser.js HTTP/1.1" 200 -
  "GET /bin/blender_browser.js HTTP/1.1" 200 -
  "GET /bin/blender_browser.js HTTP/1.1" 200 -
  "GET /bin/blender_browser.js HTTP/1.1" 200 -
  "GET /bin/blender_browser.js HTTP/1.1" 200 -
  "GET /bin/blender_browser.js HTTP/1.1" 200 -
  "GET /bin/blender_browser.js HTTP/1.1" 200 -
  "GET /bin/blender_browser.js HTTP/1.1" 200 -
  "GET /bin/blender_browser.js HTTP/1.1" 200 -
  "GET /bin/blender_browser.js HTTP/1.1" 200 -
  "GET /bin/blender_browser.js HTTP/1.1" 200 -
  "GET /bin/blender_browser.js HTTP/1.1" 200 -
  "GET /bin/blender_browser.js HTTP/1.1" 200 -
  "GET /bin/blender_browser.js HTTP/1.1" 200 -
  "GET /bin/blender_browser.js HTTP/1.1" 200 -
  "GET /bin/blender_browser.js HTTP/1.1" 200 -
  "GET /bin/blender_browser.js HTTP/1.1" 200 -
  "GET /bin/blender_browser.js HTTP/1.1" 200 -
  "GET /bin/blender_browser.js HTTP/1.1" 200 -
  "GET /bin/blender_browser.js HTTP/1.1" 200 -
  "GET /bin/blender_browser.js HTTP/1.1" 200 -
  "GET /bin/blender_browser.js HTTP/1.1" 200 -
  "GET /bin/blender_browser.js HTTP/1.1" 200 -
  "GET /bin/blender_browser.js HTTP/1.1" 200 -
  "GET /bin/blender_browser.js HTTP/1.1" 200 -
  "GET /bin/blender_browser.js HTTP/1.1" 200 -
  "GET /bin/blender_browser.js HTTP/1.1" 200 -
  "GET /bin/blender_browser.js HTTP/1.1" 200 -
  "GET /bin/blender_browser.js HTTP/1.1" 200 -
  "GET /bin/blender_browser.js HTTP/1.1" 200 -
  "GET /bin/blender_browser.js HTTP/1.1" 200 -
  "GET /bin/blender_browser.js HTTP/1.1" 200 -
