[c.error] Failed to load resource: the server responded with a status of 404 (File not found)
[c.error] /Users/paws/blender-web/build-deps/openimageio/OpenImageIO-3.1.13.1/src/libutil/sysutil.cpp:214: physical_memory: Assertion '0 && "Need to implement Sysutil::physical_memory on this platform"' failed.
[c.error] [bw] WM-worker WebGPU device pre-acquired (ADR-007); features=23
[c.log] [bw] M7 store: OPFS mounted at /projects (+/.recovery) - PERSISTENT rc=0 in 330.0 ms
[c.log] WGPUWeb: presentBackbuffer frame 0 — surface 1280x720 -> canvas (offscreen blit)
[c.error] Unable to find the Python binary, the multiprocessing module may not be functional!
[c.log] WGPUWeb: presentBackbuffer frame 1 — surface 1280x720 -> canvas (offscreen blit)
[c.error] [stress] iter 1/24
[c.error] [stress] iter 2/24
[c.error] [stress] iter 3/24
[c.error] [stress] iter 4/24
[c.error] [stress] iter 5/24
[c.error] [stress] iter 6/24
[c.error] [stress] iter 7/24
[c.error] [stress] iter 8/24
[c.error] [stress] iter 9/24
[c.error] [stress] iter 10/24
[c.error] [stress] iter 11/24
[c.error] [stress] iter 12/24
[c.error] [stress] iter 13/24
[c.error] [stress] iter 14/24
[c.error] [stress] iter 15/24
[c.error] [stress] iter 16/24
[c.error] [stress] iter 17/24
[c.error] [stress] iter 18/24
[c.error] [stress] iter 19/24
[c.error] [stress] iter 20/24
[c.error] [stress] iter 21/24
[c.error] [stress] iter 22/24
[c.error] [stress] iter 23/24
[c.error] [stress] iter 24/24
[c.error] [stress] heartbeat 1 loop-alive
[c.error] [stress] heartbeat 2 loop-alive
[c.error] [stress] heartbeat 3 loop-alive
[c.error] [stress] heartbeat 4 loop-alive
[c.error] [stress] heartbeat 5 loop-alive
[c.error] [stress] heartbeat 6 loop-alive
[c.error] [stress] heartbeat 7 loop-alive
[c.error] [stress] heartbeat 8 loop-alive
[c.error] [stress] STRESS_COMPLETE
