================================================================
  blender-web M4.pre shell:  http://localhost:8132/
  COOP=same-origin  COEP=require-corp  (SharedArrayBuffer enabled)
  shell = /Users/paws/blender-web/platform_web/shell
  /bin  = /Users/paws/blender-web/build-wasm-windowed-opt/bin
  Ctrl-C to stop.
================================================================
  "HEAD /windowed.html HTTP/1.1" 200 -
  "GET /windowed.html?gate=1600x900 HTTP/1.1" 200 -
  "GET /bin/blender_browser.js HTTP/1.1" 200 -
  "GET /file-bridge.js HTTP/1.1" 200 -
  "GET /boot-windowed.js HTTP/1.1" 200 -
  "GET /bin/blender_browser.data HTTP/1.1" 200 -
  "GET /bin/blender_browser.wasm HTTP/1.1" 200 -
  "GET /bin/blender_browser.js HTTP/1.1" 200 -
  code 404, message File not found
  "GET /favicon.ico HTTP/1.1" 404 -
  "GET /bin/blender_browser.js HTTP/1.1" 200 -
  "GET /bin/blender_browser.js HTTP/1.1" 200 -
  "GET /bin/blender_browser.js HTTP/1.1" 200 -
  "GET /bin/blender_browser.js HTTP/1.1" 200 -
  "GET /bin/blender_browser.js HTTP/1.1" 200 -
  "GET /bin/blender_browser.js HTTP/1.1" 200 -
  "GET /bin/blender_browser.js HTTP/1.1" 200 -
  "GET /bin/blender_browser.js HTTP/1.1" 200 -
  "GET /bin/blender_browser.js HTTP/1.1" 200 -
  "GET /bin/blender_browser.js HTTP/1.1" 200 -
  "GET /bin/blender_browser.js HTTP/1.1" 200 -
  "GET /bin/blender_browser.js HTTP/1.1" 200 -
  "GET /bin/blender_browser.js HTTP/1.1" 200 -
  "GET /bin/blender_browser.js HTTP/1.1" 200 -
  "GET /bin/blender_browser.js HTTP/1.1" 200 -
  "GET /bin/blender_browser.js HTTP/1.1" 200 -
  "GET /bin/blender_browser.js HTTP/1.1" 200 -
  "GET /bin/blender_browser.js HTTP/1.1" 200 -
  "GET /bin/blender_browser.js HTTP/1.1" 200 -
  "GET /bin/blender_browser.js HTTP/1.1" 200 -
  "GET /bin/blender_browser.js HTTP/1.1" 200 -
  "GET /bin/blender_browser.js HTTP/1.1" 200 -
  "GET /bin/blender_browser.js HTTP/1.1" 200 -
  "GET /bin/blender_browser.js HTTP/1.1" 200 -
  "GET /bin/blender_browser.js HTTP/1.1" 200 -
  "GET /bin/blender_browser.js HTTP/1.1" 200 -
  "GET /bin/blender_browser.js HTTP/1.1" 200 -
  "GET /bin/blender_browser.js HTTP/1.1" 200 -
  "GET /bin/blender_browser.js HTTP/1.1" 200 -
  "GET /bin/blender_browser.js HTTP/1.1" 200 -
  "GET /bin/blender_browser.js HTTP/1.1" 200 -
  "GET /bin/blender_browser.js HTTP/1.1" 200 -
  "GET /bin/blender_browser.js HTTP/1.1" 200 -
  "GET /bin/blender_browser.js HTTP/1.1" 200 -
  "GET /bin/blender_browser.js HTTP/1.1" 200 -
  "GET /bin/blender_browser.js HTTP/1.1" 200 -
  "GET /bin/blender_browser.js HTTP/1.1" 200 -
  "GET /bin/blender_browser.js HTTP/1.1" 200 -
  "GET /bin/blender_browser.js HTTP/1.1" 200 -
  "GET /bin/blender_browser.js HTTP/1.1" 200 -
  "GET /bin/blender_browser.js HTTP/1.1" 200 -
  "GET /bin/blender_browser.js HTTP/1.1" 200 -
  "GET /windowed.html?gate=1600x900 HTTP/1.1" 200 -
  "GET /file-bridge.js HTTP/1.1" 200 -
  "GET /bin/blender_browser.js HTTP/1.1" 200 -
  "GET /boot-windowed.js HTTP/1.1" 200 -
  "GET /bin/blender_browser.data HTTP/1.1" 200 -
  "GET /bin/blender_browser.wasm HTTP/1.1" 200 -
  "GET /bin/blender_browser.js HTTP/1.1" 200 -
  code 404, message File not found
  "GET /favicon.ico HTTP/1.1" 404 -
  "GET /bin/blender_browser.js HTTP/1.1" 200 -
  "GET /bin/blender_browser.js HTTP/1.1" 200 -
  "GET /bin/blender_browser.js HTTP/1.1" 200 -
  "GET /bin/blender_browser.js HTTP/1.1" 200 -
  "GET /bin/blender_browser.js HTTP/1.1" 200 -
  "GET /bin/blender_browser.js HTTP/1.1" 200 -
  "GET /bin/blender_browser.js HTTP/1.1" 200 -
  "GET /bin/blender_browser.js HTTP/1.1" 200 -
  "GET /bin/blender_browser.js HTTP/1.1" 200 -
  "GET /bin/blender_browser.js HTTP/1.1" 200 -
  "GET /bin/blender_browser.js HTTP/1.1" 200 -
  "GET /bin/blender_browser.js HTTP/1.1" 200 -
  "GET /bin/blender_browser.js HTTP/1.1" 200 -
  "GET /bin/blender_browser.js HTTP/1.1" 200 -
  "GET /bin/blender_browser.js HTTP/1.1" 200 -
  "GET /bin/blender_browser.js HTTP/1.1" 200 -
  "GET /bin/blender_browser.js HTTP/1.1" 200 -
  "GET /bin/blender_browser.js HTTP/1.1" 200 -
  "GET /bin/blender_browser.js HTTP/1.1" 200 -
  "GET /bin/blender_browser.js HTTP/1.1" 200 -
  "GET /bin/blender_browser.js HTTP/1.1" 200 -
  "GET /bin/blender_browser.js HTTP/1.1" 200 -
  "GET /bin/blender_browser.js HTTP/1.1" 200 -
  "GET /bin/blender_browser.js HTTP/1.1" 200 -
  "GET /bin/blender_browser.js HTTP/1.1" 200 -
  "GET /bin/blender_browser.js HTTP/1.1" 200 -
  "GET /bin/blender_browser.js HTTP/1.1" 200 -
  "GET /bin/blender_browser.js HTTP/1.1" 200 -
  "GET /bin/blender_browser.js HTTP/1.1" 200 -
  "GET /bin/blender_browser.js HTTP/1.1" 200 -
  "GET /bin/blender_browser.js HTTP/1.1" 200 -
  "GET /bin/blender_browser.js HTTP/1.1" 200 -
  "GET /bin/blender_browser.js HTTP/1.1" 200 -
  "GET /bin/blender_browser.js HTTP/1.1" 200 -
  "GET /bin/blender_browser.js HTTP/1.1" 200 -
  "GET /bin/blender_browser.js HTTP/1.1" 200 -
  "GET /bin/blender_browser.js HTTP/1.1" 200 -
  "GET /bin/blender_browser.js HTTP/1.1" 200 -
  "GET /bin/blender_browser.js HTTP/1.1" 200 -
  "GET /bin/blender_browser.js HTTP/1.1" 200 -
  "GET /bin/blender_browser.js HTTP/1.1" 200 -
  "GET /bin/blender_browser.js HTTP/1.1" 200 -
  "GET /windowed.html?gate=1600x900 HTTP/1.1" 200 -
  "GET /file-bridge.js HTTP/1.1" 200 -
  "GET /bin/blender_browser.js HTTP/1.1" 200 -
  "GET /boot-windowed.js HTTP/1.1" 200 -
  "GET /bin/blender_browser.wasm HTTP/1.1" 200 -
  "GET /bin/blender_browser.data HTTP/1.1" 200 -
  "GET /bin/blender_browser.js HTTP/1.1" 200 -
  code 404, message File not found
  "GET /favicon.ico HTTP/1.1" 404 -
  "GET /bin/blender_browser.js HTTP/1.1" 200 -
  "GET /bin/blender_browser.js HTTP/1.1" 200 -
  "GET /bin/blender_browser.js HTTP/1.1" 200 -
  "GET /bin/blender_browser.js HTTP/1.1" 200 -
  "GET /bin/blender_browser.js HTTP/1.1" 200 -
  "GET /bin/blender_browser.js HTTP/1.1" 200 -
  "GET /bin/blender_browser.js HTTP/1.1" 200 -
  "GET /bin/blender_browser.js HTTP/1.1" 200 -
  "GET /bin/blender_browser.js HTTP/1.1" 200 -
  "GET /bin/blender_browser.js HTTP/1.1" 200 -
  "GET /bin/blender_browser.js HTTP/1.1" 200 -
  "GET /bin/blender_browser.js HTTP/1.1" 200 -
  "GET /bin/blender_browser.js HTTP/1.1" 200 -
  "GET /bin/blender_browser.js HTTP/1.1" 200 -
  "GET /bin/blender_browser.js HTTP/1.1" 200 -
  "GET /bin/blender_browser.js HTTP/1.1" 200 -
  "GET /bin/blender_browser.js HTTP/1.1" 200 -
  "GET /bin/blender_browser.js HTTP/1.1" 200 -
  "GET /bin/blender_browser.js HTTP/1.1" 200 -
  "GET /bin/blender_browser.js HTTP/1.1" 200 -
  "GET /bin/blender_browser.js HTTP/1.1" 200 -
  "GET /bin/blender_browser.js HTTP/1.1" 200 -
  "GET /bin/blender_browser.js HTTP/1.1" 200 -
  "GET /bin/blender_browser.js HTTP/1.1" 200 -
  "GET /bin/blender_browser.js HTTP/1.1" 200 -
  "GET /bin/blender_browser.js HTTP/1.1" 200 -
  "GET /bin/blender_browser.js HTTP/1.1" 200 -
  "GET /bin/blender_browser.js HTTP/1.1" 200 -
  "GET /bin/blender_browser.js HTTP/1.1" 200 -
  "GET /bin/blender_browser.js HTTP/1.1" 200 -
  "GET /bin/blender_browser.js HTTP/1.1" 200 -
  "GET /bin/blender_browser.js HTTP/1.1" 200 -
  "GET /bin/blender_browser.js HTTP/1.1" 200 -
  "GET /bin/blender_browser.js HTTP/1.1" 200 -
  "GET /bin/blender_browser.js HTTP/1.1" 200 -
  "GET /bin/blender_browser.js HTTP/1.1" 200 -
  "GET /bin/blender_browser.js HTTP/1.1" 200 -
  "GET /bin/blender_browser.js HTTP/1.1" 200 -
  "GET /bin/blender_browser.js HTTP/1.1" 200 -
  "GET /bin/blender_browser.js HTTP/1.1" 200 -
  "GET /bin/blender_browser.js HTTP/1.1" 200 -
  "GET /bin/blender_browser.js HTTP/1.1" 200 -
  "GET /windowed.html?gate=1600x900&keepalive=0 HTTP/1.1" 200 -
  "GET /bin/blender_browser.js HTTP/1.1" 200 -
  "GET /file-bridge.js HTTP/1.1" 200 -
  "GET /boot-windowed.js HTTP/1.1" 200 -
  "GET /bin/blender_browser.js HTTP/1.1" 200 -
  "GET /bin/blender_browser.wasm HTTP/1.1" 200 -
  "GET /bin/blender_browser.data HTTP/1.1" 200 -
  "GET /bin/blender_browser.js HTTP/1.1" 200 -
  code 404, message File not found
  "GET /favicon.ico HTTP/1.1" 404 -
  "GET /bin/blender_browser.js HTTP/1.1" 200 -
  "GET /bin/blender_browser.js HTTP/1.1" 200 -
  "GET /bin/blender_browser.js HTTP/1.1" 200 -
  "GET /bin/blender_browser.js HTTP/1.1" 200 -
  "GET /bin/blender_browser.js HTTP/1.1" 200 -
  "GET /bin/blender_browser.js HTTP/1.1" 200 -
  "GET /bin/blender_browser.js HTTP/1.1" 200 -
  "GET /bin/blender_browser.js HTTP/1.1" 200 -
  "GET /bin/blender_browser.js HTTP/1.1" 200 -
  "GET /bin/blender_browser.js HTTP/1.1" 200 -
  "GET /bin/blender_browser.js HTTP/1.1" 200 -
  "GET /bin/blender_browser.js HTTP/1.1" 200 -
  "GET /bin/blender_browser.js HTTP/1.1" 200 -
  "GET /bin/blender_browser.js HTTP/1.1" 200 -
  "GET /bin/blender_browser.js HTTP/1.1" 200 -
  "GET /bin/blender_browser.js HTTP/1.1" 200 -
  "GET /bin/blender_browser.js HTTP/1.1" 200 -
  "GET /bin/blender_browser.js HTTP/1.1" 200 -
  "GET /bin/blender_browser.js HTTP/1.1" 200 -
  "GET /bin/blender_browser.js HTTP/1.1" 200 -
  "GET /bin/blender_browser.js HTTP/1.1" 200 -
  "GET /bin/blender_browser.js HTTP/1.1" 200 -
  "GET /bin/blender_browser.js HTTP/1.1" 200 -
  "GET /bin/blender_browser.js HTTP/1.1" 200 -
  "GET /bin/blender_browser.js HTTP/1.1" 200 -
  "GET /bin/blender_browser.js HTTP/1.1" 200 -
  "GET /bin/blender_browser.js HTTP/1.1" 200 -
  "GET /bin/blender_browser.js HTTP/1.1" 200 -
  "GET /bin/blender_browser.js HTTP/1.1" 200 -
  "GET /bin/blender_browser.js HTTP/1.1" 200 -
  "GET /bin/blender_browser.js HTTP/1.1" 200 -
  "GET /bin/blender_browser.js HTTP/1.1" 200 -
  "GET /bin/blender_browser.js HTTP/1.1" 200 -
  "GET /bin/blender_browser.js HTTP/1.1" 200 -
  "GET /bin/blender_browser.js HTTP/1.1" 200 -
  "GET /bin/blender_browser.js HTTP/1.1" 200 -
  "GET /bin/blender_browser.js HTTP/1.1" 200 -
  "GET /bin/blender_browser.js HTTP/1.1" 200 -
  "GET /bin/blender_browser.js HTTP/1.1" 200 -
  "GET /bin/blender_browser.js HTTP/1.1" 200 -
  "GET /bin/blender_browser.js HTTP/1.1" 200 -
  "GET /windowed.html?gate=1600x900&pyexpr=import%20bpy%0Abpy.context.preferences.view.show_splash%20%3D%20False%0A HTTP/1.1" 200 -
  "GET /bin/blender_browser.js HTTP/1.1" 200 -
  "GET /boot-windowed.js HTTP/1.1" 200 -
  "GET /file-bridge.js HTTP/1.1" 200 -
  "GET /bin/blender_browser.data HTTP/1.1" 200 -
  "GET /bin/blender_browser.wasm HTTP/1.1" 200 -
  "GET /bin/blender_browser.js HTTP/1.1" 200 -
  "GET /bin/blender_browser.js HTTP/1.1" 200 -
  "GET /bin/blender_browser.js HTTP/1.1" 200 -
  "GET /bin/blender_browser.js HTTP/1.1" 200 -
  "GET /bin/blender_browser.js HTTP/1.1" 200 -
  "GET /bin/blender_browser.js HTTP/1.1" 200 -
  "GET /bin/blender_browser.js HTTP/1.1" 200 -
  "GET /bin/blender_browser.js HTTP/1.1" 200 -
  code 404, message File not found
  "GET /favicon.ico HTTP/1.1" 404 -
  "GET /bin/blender_browser.js HTTP/1.1" 200 -
  "GET /bin/blender_browser.js HTTP/1.1" 200 -
  "GET /bin/blender_browser.js HTTP/1.1" 200 -
  "GET /bin/blender_browser.js HTTP/1.1" 200 -
  "GET /bin/blender_browser.js HTTP/1.1" 200 -
  "GET /bin/blender_browser.js HTTP/1.1" 200 -
  "GET /bin/blender_browser.js HTTP/1.1" 200 -
  "GET /bin/blender_browser.js HTTP/1.1" 200 -
  "GET /bin/blender_browser.js HTTP/1.1" 200 -
  "GET /bin/blender_browser.js HTTP/1.1" 200 -
  "GET /bin/blender_browser.js HTTP/1.1" 200 -
  "GET /bin/blender_browser.js HTTP/1.1" 200 -
  "GET /bin/blender_browser.js HTTP/1.1" 200 -
  "GET /bin/blender_browser.js HTTP/1.1" 200 -
  "GET /bin/blender_browser.js HTTP/1.1" 200 -
  "GET /bin/blender_browser.js HTTP/1.1" 200 -
  "GET /bin/blender_browser.js HTTP/1.1" 200 -
  "GET /bin/blender_browser.js HTTP/1.1" 200 -
  "GET /bin/blender_browser.js HTTP/1.1" 200 -
  "GET /bin/blender_browser.js HTTP/1.1" 200 -
  "GET /bin/blender_browser.js HTTP/1.1" 200 -
  "GET /bin/blender_browser.js HTTP/1.1" 200 -
  "GET /windowed.html?gate=1600x900 HTTP/1.1" 200 -
  "GET /bin/blender_browser.js HTTP/1.1" 200 -
  "GET /file-bridge.js HTTP/1.1" 200 -
  "GET /boot-windowed.js HTTP/1.1" 200 -
  "GET /bin/blender_browser.data HTTP/1.1" 200 -
  "GET /bin/blender_browser.wasm HTTP/1.1" 200 -
  "GET /bin/blender_browser.js HTTP/1.1" 200 -
  code 404, message File not found
  "GET /favicon.ico HTTP/1.1" 404 -
  "GET /bin/blender_browser.js HTTP/1.1" 200 -
  "GET /bin/blender_browser.js HTTP/1.1" 200 -
  "GET /bin/blender_browser.js HTTP/1.1" 200 -
  "GET /bin/blender_browser.js HTTP/1.1" 200 -
  "GET /bin/blender_browser.js HTTP/1.1" 200 -
  "GET /bin/blender_browser.js HTTP/1.1" 200 -
  "GET /bin/blender_browser.js HTTP/1.1" 200 -
  "GET /bin/blender_browser.js HTTP/1.1" 200 -
  "GET /bin/blender_browser.js HTTP/1.1" 200 -
  "GET /bin/blender_browser.js HTTP/1.1" 200 -
  "GET /bin/blender_browser.js HTTP/1.1" 200 -
  "GET /bin/blender_browser.js HTTP/1.1" 200 -
  "GET /bin/blender_browser.js HTTP/1.1" 200 -
  "GET /bin/blender_browser.js HTTP/1.1" 200 -
  "GET /bin/blender_browser.js HTTP/1.1" 200 -
  "GET /bin/blender_browser.js HTTP/1.1" 200 -
  "GET /bin/blender_browser.js HTTP/1.1" 200 -
  "GET /bin/blender_browser.js HTTP/1.1" 200 -
  "GET /bin/blender_browser.js HTTP/1.1" 200 -
  "GET /bin/blender_browser.js HTTP/1.1" 200 -
  "GET /bin/blender_browser.js HTTP/1.1" 200 -
  "GET /bin/blender_browser.js HTTP/1.1" 200 -
  "GET /bin/blender_browser.js HTTP/1.1" 200 -
  "GET /bin/blender_browser.js HTTP/1.1" 200 -
  "GET /bin/blender_browser.js HTTP/1.1" 200 -
  "GET /bin/blender_browser.js HTTP/1.1" 200 -
  "GET /bin/blender_browser.js HTTP/1.1" 200 -
  "GET /bin/blender_browser.js HTTP/1.1" 200 -
  "GET /bin/blender_browser.js HTTP/1.1" 200 -
  "GET /bin/blender_browser.js HTTP/1.1" 200 -
  "GET /bin/blender_browser.js HTTP/1.1" 200 -
  "GET /bin/blender_browser.js HTTP/1.1" 200 -
  "GET /bin/blender_browser.js HTTP/1.1" 200 -
  "GET /bin/blender_browser.js HTTP/1.1" 200 -
  "GET /bin/blender_browser.js HTTP/1.1" 200 -
  "GET /bin/blender_browser.js HTTP/1.1" 200 -
  "GET /bin/blender_browser.js HTTP/1.1" 200 -
  "GET /bin/blender_browser.js HTTP/1.1" 200 -
  "GET /bin/blender_browser.js HTTP/1.1" 200 -
  "GET /bin/blender_browser.js HTTP/1.1" 200 -
  "GET /bin/blender_browser.js HTTP/1.1" 200 -
  "GET /bin/blender_browser.js HTTP/1.1" 200 -
  "GET /windowed.html?gate=1600x900 HTTP/1.1" 200 -
  "GET /bin/blender_browser.js HTTP/1.1" 200 -
  "GET /file-bridge.js HTTP/1.1" 200 -
  "GET /boot-windowed.js HTTP/1.1" 200 -
  "GET /bin/blender_browser.data HTTP/1.1" 200 -
  "GET /bin/blender_browser.wasm HTTP/1.1" 200 -
  "GET /bin/blender_browser.js HTTP/1.1" 200 -
  "GET /bin/blender_browser.js HTTP/1.1" 200 -
  "GET /bin/blender_browser.js HTTP/1.1" 200 -
  "GET /bin/blender_browser.js HTTP/1.1" 200 -
  "GET /bin/blender_browser.js HTTP/1.1" 200 -
  "GET /bin/blender_browser.js HTTP/1.1" 200 -
  "GET /bin/blender_browser.js HTTP/1.1" 200 -
  "GET /bin/blender_browser.js HTTP/1.1" 200 -
  "GET /bin/blender_browser.js HTTP/1.1" 200 -
  "GET /bin/blender_browser.js HTTP/1.1" 200 -
  "GET /bin/blender_browser.js HTTP/1.1" 200 -
  "GET /bin/blender_browser.js HTTP/1.1" 200 -
  "GET /bin/blender_browser.js HTTP/1.1" 200 -
  "GET /bin/blender_browser.js HTTP/1.1" 200 -
  "GET /bin/blender_browser.js HTTP/1.1" 200 -
  "GET /bin/blender_browser.js HTTP/1.1" 200 -
  "GET /bin/blender_browser.js HTTP/1.1" 200 -
  "GET /bin/blender_browser.js HTTP/1.1" 200 -
  "GET /bin/blender_browser.js HTTP/1.1" 200 -
  "GET /bin/blender_browser.js HTTP/1.1" 200 -
  "GET /bin/blender_browser.js HTTP/1.1" 200 -
  "GET /bin/blender_browser.js HTTP/1.1" 200 -
  "GET /bin/blender_browser.js HTTP/1.1" 200 -
  "GET /bin/blender_browser.js HTTP/1.1" 200 -
  "GET /bin/blender_browser.js HTTP/1.1" 200 -
  "GET /bin/blender_browser.js HTTP/1.1" 200 -
  "GET /bin/blender_browser.js HTTP/1.1" 200 -
  "GET /bin/blender_browser.js HTTP/1.1" 200 -
  "GET /bin/blender_browser.js HTTP/1.1" 200 -
  "GET /bin/blender_browser.js HTTP/1.1" 200 -
  "GET /bin/blender_browser.js HTTP/1.1" 200 -
  "GET /bin/blender_browser.js HTTP/1.1" 200 -
  "GET /bin/blender_browser.js HTTP/1.1" 200 -
  "GET /bin/blender_browser.js HTTP/1.1" 200 -
  "GET /bin/blender_browser.js HTTP/1.1" 200 -
  "GET /bin/blender_browser.js HTTP/1.1" 200 -
  "GET /bin/blender_browser.js HTTP/1.1" 200 -
  "GET /bin/blender_browser.js HTTP/1.1" 200 -
  "GET /bin/blender_browser.js HTTP/1.1" 200 -
  "GET /bin/blender_browser.js HTTP/1.1" 200 -
  "GET /bin/blender_browser.js HTTP/1.1" 200 -
  "GET /bin/blender_browser.js HTTP/1.1" 200 -
  "GET /bin/blender_browser.js HTTP/1.1" 200 -
  "GET /windowed.html?gate=1600x900&args=--debug-events HTTP/1.1" 200 -
  "GET /file-bridge.js HTTP/1.1" 200 -
  "GET /bin/blender_browser.js HTTP/1.1" 200 -
  "GET /boot-windowed.js HTTP/1.1" 200 -
  "GET /bin/blender_browser.data HTTP/1.1" 200 -
  "GET /bin/blender_browser.js HTTP/1.1" 200 -
  "GET /bin/blender_browser.wasm HTTP/1.1" 200 -
  code 404, message File not found
  "GET /favicon.ico HTTP/1.1" 404 -
  "GET /bin/blender_browser.js HTTP/1.1" 200 -
  "GET /bin/blender_browser.js HTTP/1.1" 200 -
  "GET /bin/blender_browser.js HTTP/1.1" 200 -
  "GET /bin/blender_browser.js HTTP/1.1" 200 -
  "GET /bin/blender_browser.js HTTP/1.1" 200 -
  "GET /bin/blender_browser.js HTTP/1.1" 200 -
  "GET /bin/blender_browser.js HTTP/1.1" 200 -
  "GET /bin/blender_browser.js HTTP/1.1" 200 -
  "GET /bin/blender_browser.js HTTP/1.1" 200 -
  "GET /bin/blender_browser.js HTTP/1.1" 200 -
  "GET /bin/blender_browser.js HTTP/1.1" 200 -
  "GET /bin/blender_browser.js HTTP/1.1" 200 -
  "GET /bin/blender_browser.js HTTP/1.1" 200 -
  "GET /bin/blender_browser.js HTTP/1.1" 200 -
  "GET /bin/blender_browser.js HTTP/1.1" 200 -
  "GET /bin/blender_browser.js HTTP/1.1" 200 -
  "GET /bin/blender_browser.js HTTP/1.1" 200 -
  "GET /bin/blender_browser.js HTTP/1.1" 200 -
  "GET /bin/blender_browser.js HTTP/1.1" 200 -
  "GET /bin/blender_browser.js HTTP/1.1" 200 -
  "GET /bin/blender_browser.js HTTP/1.1" 200 -
  "GET /bin/blender_browser.js HTTP/1.1" 200 -
  "GET /bin/blender_browser.js HTTP/1.1" 200 -
  "GET /bin/blender_browser.js HTTP/1.1" 200 -
  "GET /bin/blender_browser.js HTTP/1.1" 200 -
  "GET /bin/blender_browser.js HTTP/1.1" 200 -
  "GET /bin/blender_browser.js HTTP/1.1" 200 -
  "GET /bin/blender_browser.js HTTP/1.1" 200 -
  "GET /bin/blender_browser.js HTTP/1.1" 200 -
  "GET /bin/blender_browser.js HTTP/1.1" 200 -
  "GET /bin/blender_browser.js HTTP/1.1" 200 -
  "GET /bin/blender_browser.js HTTP/1.1" 200 -
  "GET /bin/blender_browser.js HTTP/1.1" 200 -
  "GET /bin/blender_browser.js HTTP/1.1" 200 -
  "GET /bin/blender_browser.js HTTP/1.1" 200 -
  "GET /bin/blender_browser.js HTTP/1.1" 200 -
  "GET /bin/blender_browser.js HTTP/1.1" 200 -
  "GET /bin/blender_browser.js HTTP/1.1" 200 -
  "GET /bin/blender_browser.js HTTP/1.1" 200 -
  "GET /bin/blender_browser.js HTTP/1.1" 200 -
  "GET /bin/blender_browser.js HTTP/1.1" 200 -
  "GET /bin/blender_browser.js HTTP/1.1" 200 -
  "GET /windowed.html?gate=1600x900&pyexpr=import%20bpy%0Abpy.context.preferences.view.show_splash%20%3D%20False%0Adef%20_k()%3A%0A%20%20%20%20for%20w%20in%20bpy.context.window_manager.windows%3A%0A%20%20%20%20%20%20%20%20s%3Dw.screen%0A%20%20%20%20%20%20%20%20if%20not%20s%3A%20continue%0A%20%20%20%20%20%20%20%20for%20a%20in%20s.areas%3A%0A%20%20%20%20%20%20%20%20%20%20%20%20if%20a.type%3D%3D%27VIEW_3D%27%3A%0A%20%20%20%20%20%20%20%20%20%20%20%20%20%20%20%20for%20r%20in%20a.regions%3A%0A%20%20%20%20%20%20%20%20%20%20%20%20%20%20%20%20%20%20%20%20if%20r.type%3D%3D%27WINDOW%27%3A%20r.tag_redraw()%0A%20%20%20%20return%201.0%0Abpy.app.timers.register(_k%2C%20first_interval%3D1.0) HTTP/1.1" 200 -
  "GET /file-bridge.js HTTP/1.1" 200 -
  "GET /bin/blender_browser.js HTTP/1.1" 200 -
  "GET /boot-windowed.js HTTP/1.1" 200 -
  "GET /bin/blender_browser.data HTTP/1.1" 200 -
  "GET /bin/blender_browser.wasm HTTP/1.1" 200 -
  "GET /bin/blender_browser.js HTTP/1.1" 200 -
  "GET /bin/blender_browser.js HTTP/1.1" 200 -
  "GET /bin/blender_browser.js HTTP/1.1" 200 -
  "GET /bin/blender_browser.js HTTP/1.1" 200 -
  "GET /bin/blender_browser.js HTTP/1.1" 200 -
  "GET /bin/blender_browser.js HTTP/1.1" 200 -
  "GET /bin/blender_browser.js HTTP/1.1" 200 -
  "GET /bin/blender_browser.js HTTP/1.1" 200 -
  code 404, message File not found
  "GET /favicon.ico HTTP/1.1" 404 -
  "GET /bin/blender_browser.js HTTP/1.1" 200 -
  "GET /bin/blender_browser.js HTTP/1.1" 200 -
  "GET /bin/blender_browser.js HTTP/1.1" 200 -
  "GET /bin/blender_browser.js HTTP/1.1" 200 -
  "GET /bin/blender_browser.js HTTP/1.1" 200 -
  "GET /bin/blender_browser.js HTTP/1.1" 200 -
  "GET /bin/blender_browser.js HTTP/1.1" 200 -
  "GET /bin/blender_browser.js HTTP/1.1" 200 -
  "GET /bin/blender_browser.js HTTP/1.1" 200 -
  "GET /bin/blender_browser.js HTTP/1.1" 200 -
  "GET /bin/blender_browser.js HTTP/1.1" 200 -
  "GET /bin/blender_browser.js HTTP/1.1" 200 -
  "GET /bin/blender_browser.js HTTP/1.1" 200 -
  "GET /bin/blender_browser.js HTTP/1.1" 200 -
  "GET /bin/blender_browser.js HTTP/1.1" 200 -
  "GET /bin/blender_browser.js HTTP/1.1" 200 -
  "GET /bin/blender_browser.js HTTP/1.1" 200 -
  "GET /bin/blender_browser.js HTTP/1.1" 200 -
  "GET /bin/blender_browser.js HTTP/1.1" 200 -
  "GET /bin/blender_browser.js HTTP/1.1" 200 -
  "GET /bin/blender_browser.js HTTP/1.1" 200 -
  "GET /bin/blender_browser.js HTTP/1.1" 200 -
  "GET /windowed.html?gate=1600x900 HTTP/1.1" 200 -
  "GET /bin/blender_browser.js HTTP/1.1" 200 -
  "GET /file-bridge.js HTTP/1.1" 200 -
  "GET /boot-windowed.js HTTP/1.1" 200 -
  "GET /bin/blender_browser.data HTTP/1.1" 200 -
  "GET /bin/blender_browser.wasm HTTP/1.1" 200 -
  "GET /bin/blender_browser.js HTTP/1.1" 200 -
  "GET /bin/blender_browser.js HTTP/1.1" 200 -
  "GET /bin/blender_browser.js HTTP/1.1" 200 -
  "GET /bin/blender_browser.js HTTP/1.1" 200 -
  "GET /bin/blender_browser.js HTTP/1.1" 200 -
  "GET /bin/blender_browser.js HTTP/1.1" 200 -
  "GET /bin/blender_browser.js HTTP/1.1" 200 -
  "GET /bin/blender_browser.js HTTP/1.1" 200 -
  code 404, message File not found
  "GET /favicon.ico HTTP/1.1" 404 -
  "GET /bin/blender_browser.js HTTP/1.1" 200 -
  "GET /bin/blender_browser.js HTTP/1.1" 200 -
  "GET /bin/blender_browser.js HTTP/1.1" 200 -
  "GET /bin/blender_browser.js HTTP/1.1" 200 -
  "GET /bin/blender_browser.js HTTP/1.1" 200 -
  "GET /bin/blender_browser.js HTTP/1.1" 200 -
  "GET /bin/blender_browser.js HTTP/1.1" 200 -
  "GET /bin/blender_browser.js HTTP/1.1" 200 -
  "GET /bin/blender_browser.js HTTP/1.1" 200 -
  "GET /bin/blender_browser.js HTTP/1.1" 200 -
  "GET /bin/blender_browser.js HTTP/1.1" 200 -
  "GET /bin/blender_browser.js HTTP/1.1" 200 -
  "GET /bin/blender_browser.js HTTP/1.1" 200 -
  "GET /bin/blender_browser.js HTTP/1.1" 200 -
  "GET /bin/blender_browser.js HTTP/1.1" 200 -
  "GET /bin/blender_browser.js HTTP/1.1" 200 -
  "GET /bin/blender_browser.js HTTP/1.1" 200 -
  "GET /bin/blender_browser.js HTTP/1.1" 200 -
  "GET /bin/blender_browser.js HTTP/1.1" 200 -
  "GET /bin/blender_browser.js HTTP/1.1" 200 -
  "GET /bin/blender_browser.js HTTP/1.1" 200 -
  "GET /bin/blender_browser.js HTTP/1.1" 200 -
  "GET /bin/blender_browser.js HTTP/1.1" 200 -
  "GET /bin/blender_browser.js HTTP/1.1" 200 -
  "GET /bin/blender_browser.js HTTP/1.1" 200 -
  "GET /bin/blender_browser.js HTTP/1.1" 200 -
  "GET /bin/blender_browser.js HTTP/1.1" 200 -
  "GET /bin/blender_browser.js HTTP/1.1" 200 -
  "GET /bin/blender_browser.js HTTP/1.1" 200 -
  "GET /bin/blender_browser.js HTTP/1.1" 200 -
  "GET /bin/blender_browser.js HTTP/1.1" 200 -
  "GET /bin/blender_browser.js HTTP/1.1" 200 -
  "GET /bin/blender_browser.js HTTP/1.1" 200 -
  "GET /bin/blender_browser.js HTTP/1.1" 200 -
  "GET /bin/blender_browser.js HTTP/1.1" 200 -
  "GET /windowed.html HTTP/1.1" 200 -
  "GET /file-bridge.js HTTP/1.1" 200 -
  "GET /boot-windowed.js HTTP/1.1" 200 -
  "GET /bin/blender_browser.js HTTP/1.1" 200 -
  "GET /bin/blender_browser.data HTTP/1.1" 200 -
  "GET /bin/blender_browser.wasm HTTP/1.1" 200 -
  "GET /bin/blender_browser.js HTTP/1.1" 200 -
  "GET /bin/blender_browser.js HTTP/1.1" 200 -
  "GET /bin/blender_browser.js HTTP/1.1" 200 -
  "GET /bin/blender_browser.js HTTP/1.1" 200 -
  "GET /bin/blender_browser.js HTTP/1.1" 200 -
  "GET /bin/blender_browser.js HTTP/1.1" 200 -
  "GET /bin/blender_browser.js HTTP/1.1" 200 -
  "GET /bin/blender_browser.js HTTP/1.1" 200 -
  "GET /bin/blender_browser.js HTTP/1.1" 200 -
  "GET /bin/blender_browser.js HTTP/1.1" 200 -
  "GET /bin/blender_browser.js HTTP/1.1" 200 -
  "GET /bin/blender_browser.js HTTP/1.1" 200 -
  "GET /bin/blender_browser.js HTTP/1.1" 200 -
  "GET /bin/blender_browser.js HTTP/1.1" 200 -
  "GET /bin/blender_browser.js HTTP/1.1" 200 -
  "GET /bin/blender_browser.js HTTP/1.1" 200 -
  "GET /bin/blender_browser.js HTTP/1.1" 200 -
  "GET /bin/blender_browser.js HTTP/1.1" 200 -
  "GET /bin/blender_browser.js HTTP/1.1" 200 -
  "GET /bin/blender_browser.js HTTP/1.1" 200 -
  "GET /bin/blender_browser.js HTTP/1.1" 200 -
  "GET /bin/blender_browser.js HTTP/1.1" 200 -
  "GET /bin/blender_browser.js HTTP/1.1" 200 -
  "GET /bin/blender_browser.js HTTP/1.1" 200 -
  "GET /bin/blender_browser.js HTTP/1.1" 200 -
  "GET /bin/blender_browser.js HTTP/1.1" 200 -
  "GET /bin/blender_browser.js HTTP/1.1" 200 -
  "GET /bin/blender_browser.js HTTP/1.1" 200 -
  "GET /bin/blender_browser.js HTTP/1.1" 200 -
  "GET /bin/blender_browser.js HTTP/1.1" 200 -
  "GET /bin/blender_browser.js HTTP/1.1" 200 -
  "GET /bin/blender_browser.js HTTP/1.1" 200 -
  "GET /bin/blender_browser.js HTTP/1.1" 200 -
  "GET /bin/blender_browser.js HTTP/1.1" 200 -
  "GET /bin/blender_browser.js HTTP/1.1" 200 -
  "GET /bin/blender_browser.js HTTP/1.1" 200 -
  "GET /bin/blender_browser.js HTTP/1.1" 200 -
  "GET /bin/blender_browser.js HTTP/1.1" 200 -
  "GET /bin/blender_browser.js HTTP/1.1" 200 -
  "GET /bin/blender_browser.js HTTP/1.1" 200 -
  "GET /bin/blender_browser.js HTTP/1.1" 200 -
  "GET /bin/blender_browser.js HTTP/1.1" 200 -
  "GET /bin/blender_browser.js HTTP/1.1" 200 -
  "GET /windowed.html?gate=1600x900&args=--debug-gpu%20--log%20gpu.shader%20--log-level%204 HTTP/1.1" 200 -
  "GET /file-bridge.js HTTP/1.1" 200 -
  "GET /bin/blender_browser.js HTTP/1.1" 200 -
  "GET /boot-windowed.js HTTP/1.1" 200 -
  "GET /bin/blender_browser.data HTTP/1.1" 200 -
  "GET /bin/blender_browser.js HTTP/1.1" 200 -
  "GET /bin/blender_browser.wasm HTTP/1.1" 200 -
  code 404, message File not found
  "GET /favicon.ico HTTP/1.1" 404 -
  "GET /bin/blender_browser.js HTTP/1.1" 200 -
  "GET /bin/blender_browser.js HTTP/1.1" 200 -
  "GET /bin/blender_browser.js HTTP/1.1" 200 -
  "GET /bin/blender_browser.js HTTP/1.1" 200 -
  "GET /bin/blender_browser.js HTTP/1.1" 200 -
  "GET /bin/blender_browser.js HTTP/1.1" 200 -
  "GET /bin/blender_browser.js HTTP/1.1" 200 -
  "GET /bin/blender_browser.js HTTP/1.1" 200 -
  "GET /bin/blender_browser.js HTTP/1.1" 200 -
  "GET /bin/blender_browser.js HTTP/1.1" 200 -
  "GET /bin/blender_browser.js HTTP/1.1" 200 -
  "GET /bin/blender_browser.js HTTP/1.1" 200 -
  "GET /bin/blender_browser.js HTTP/1.1" 200 -
  "GET /bin/blender_browser.js HTTP/1.1" 200 -
  "GET /bin/blender_browser.js HTTP/1.1" 200 -
  "GET /bin/blender_browser.js HTTP/1.1" 200 -
  "GET /bin/blender_browser.js HTTP/1.1" 200 -
  "GET /bin/blender_browser.js HTTP/1.1" 200 -
  "GET /bin/blender_browser.js HTTP/1.1" 200 -
  "GET /bin/blender_browser.js HTTP/1.1" 200 -
  "GET /bin/blender_browser.js HTTP/1.1" 200 -
  "GET /bin/blender_browser.js HTTP/1.1" 200 -
  "GET /bin/blender_browser.js HTTP/1.1" 200 -
  "GET /bin/blender_browser.js HTTP/1.1" 200 -
  "GET /bin/blender_browser.js HTTP/1.1" 200 -
  "GET /bin/blender_browser.js HTTP/1.1" 200 -
  "GET /bin/blender_browser.js HTTP/1.1" 200 -
  "GET /bin/blender_browser.js HTTP/1.1" 200 -
  "GET /bin/blender_browser.js HTTP/1.1" 200 -
  "GET /bin/blender_browser.js HTTP/1.1" 200 -
  "GET /bin/blender_browser.js HTTP/1.1" 200 -
  "GET /bin/blender_browser.js HTTP/1.1" 200 -
  "GET /bin/blender_browser.js HTTP/1.1" 200 -
  "GET /bin/blender_browser.js HTTP/1.1" 200 -
  "GET /bin/blender_browser.js HTTP/1.1" 200 -
  "GET /bin/blender_browser.js HTTP/1.1" 200 -
  "GET /bin/blender_browser.js HTTP/1.1" 200 -
  "GET /bin/blender_browser.js HTTP/1.1" 200 -
  "GET /bin/blender_browser.js HTTP/1.1" 200 -
  "GET /bin/blender_browser.js HTTP/1.1" 200 -
  "GET /bin/blender_browser.js HTTP/1.1" 200 -
  "GET /bin/blender_browser.js HTTP/1.1" 200 -
